// Vitest Snapshot v1, https://vitest.dev/guide/snapshot.html

exports[`Golden Master Logic Verification > should match the regression snapshot for the Kitchen Sink scenario 1`] = `
[
  {
    "age": 50,
    "balances": {
      "brokerage": 195959.80000000002,
      "cash": 0,
      "crypto": 128400.00000000001,
      "hsa": 21400,
      "hsaClient": 21400,
      "hsaSpouse": 0,
      "mortgageBalance": 0,
      "realEstate": 0,
      "roth": 107000,
      "rothClient": 53500,
      "rothSpouse": 53500,
      "traditional": 610756,
      "traditionalClient": 508963.3333333334,
      "traditionalSpouse": 101792.66666666667,
    },
    "cashFlow": {
      "byAccount": {
        "brokerage": -16860,
        "cash": -50000,
        "crypto": 0,
        "hsaClient": 0,
        "hsaSpouse": 0,
        "rothClient": 0,
        "rothSpouse": 0,
        "traditionalClient": -24333.333333333336,
        "traditionalSpouse": -4866.666666666665,
      },
    },
    "estateReport": {
      "net": {
        "total": 911798.3600000001,
      },
      "taxes": {
        "estate": 0,
      },
    },
    "expenses": {
      "essential": 100000,
      "healthcare": 0,
      "housing": 0,
      "mortgage": 0,
      "taxes": 60,
      "total": 100000,
    },
    "income": {
      "pension": 0,
      "rmd": 0,
      "salary": 0,
      "ss": 0,
      "total": 0,
    },
    "legacyValue": 911798.3600000001,
    "netWorth": 1063515.8,
    "taxes": {
      "agi": 37415,
      "capGainsTax": 0,
      "capitalLossesUsed": 0,
      "effectiveRate": 0.0016036349057864494,
      "federalIncomeTax": 60,
      "federalOrdinaryTax": 60,
      "fica": {
        "addlMedicare": 0,
        "medicare": 0,
        "ss": 0,
        "total": 0,
      },
      "isItemized": false,
      "itemizedDeduction": 0,
      "marginalRate": 0.1,
      "niit": 0,
      "stateTax": 0,
      "stdDeduction": 29200,
      "taxableIncome": 8215,
      "taxableSS": 0,
      "totalTax": 60,
      "usedAgainstGains": 0,
      "usedAgainstOrdinary": 0,
    },
    "totalBalance": 1063515.8,
    "withdrawals": {
      "brokerage": 16860,
      "cash": 50000,
      "crypto": 0,
      "hsa": 0,
      "roth": 0,
      "rothConversion": 0,
      "total": 96060,
      "traditional": 29200,
    },
    "year": 2025,
  },
  {
    "age": 51,
    "balances": {
      "brokerage": 135376.62262420004,
      "cash": 0,
      "crypto": 137388.00000000003,
      "hsa": 22898,
      "hsaClient": 22898,
      "hsaSpouse": 0,
      "mortgageBalance": 0,
      "realEstate": 0,
      "roth": 114490,
      "rothClient": 57245,
      "rothSpouse": 57245,
      "traditional": 622264.9200000002,
      "traditionalClient": 518554.1000000001,
      "traditionalSpouse": 103710.82,
    },
    "cashFlow": {
      "byAccount": {
        "brokerage": -69439.59193999998,
        "cash": 0,
        "crypto": 0,
        "hsaClient": 0,
        "hsaSpouse": 0,
        "rothClient": 0,
        "rothSpouse": 0,
        "traditionalClient": -24333.333333333336,
        "traditionalSpouse": -4866.666666666665,
      },
    },
    "estateReport": {
      "net": {
        "total": 877578.4418242002,
      },
      "taxes": {
        "estate": 0,
      },
    },
    "expenses": {
      "essential": 102499.99999999999,
      "healthcare": 0,
      "housing": 0,
      "mortgage": 0,
      "taxes": 58.78794000000016,
      "total": 102499.99999999999,
    },
    "income": {
      "pension": 0,
      "rmd": 0,
      "salary": 0,
      "ss": 0,
      "total": 0,
    },
    "legacyValue": 877578.4418242002,
    "netWorth": 1032417.5426242002,
    "taxes": {
      "agi": 52588.24046915888,
      "capGainsTax": 0,
      "capitalLossesUsed": 0,
      "effectiveRate": 0.0011178913665019308,
      "federalIncomeTax": 58.78794000000016,
      "federalOrdinaryTax": 58.78794000000016,
      "fica": {
        "addlMedicare": 0,
        "medicare": 0,
        "ss": 0,
        "total": 0,
      },
      "isItemized": false,
      "itemizedDeduction": 0,
      "marginalRate": 0.12,
      "niit": 0,
      "stateTax": 0,
      "stdDeduction": 29200,
      "taxableIncome": 23388.24046915888,
      "taxableSS": 0,
      "totalTax": 58.78794000000016,
      "usedAgainstGains": 0,
      "usedAgainstOrdinary": 0,
    },
    "totalBalance": 1032417.5426242002,
    "withdrawals": {
      "brokerage": 69439.59193999998,
      "cash": 0,
      "crypto": 0,
      "hsa": 0,
      "roth": 0,
      "rothConversion": 0,
      "total": 98639.59193999998,
      "traditional": 29200,
    },
    "year": 2026,
  },
  {
    "age": 52,
    "balances": {
      "brokerage": 66533.71503618956,
      "cash": 0,
      "crypto": 147005.16000000003,
      "hsa": 24500.86,
      "hsaClient": 24500.86,
      "hsaSpouse": 0,
      "mortgageBalance": 0,
      "realEstate": 0,
      "roth": 122504.3,
      "rothClient": 61252.15,
      "rothSpouse": 61252.15,
      "traditional": 634579.4644000002,
      "traditionalClient": 528816.2203333335,
      "traditionalSpouse": 105763.24406666668,
    },
    "cashFlow": {
      "byAccount": {
        "brokerage": -73195.58053430326,
        "cash": 0,
        "crypto": 0,
        "hsaClient": 0,
        "hsaSpouse": 0,
        "rothClient": 0,
        "rothSpouse": 0,
        "traditionalClient": -24333.333333333332,
        "traditionalSpouse": -4866.666666666669,
      },
    },
    "estateReport": {
      "net": {
        "total": 836944.2215801898,
      },
      "taxes": {
        "estate": 0,
      },
    },
    "expenses": {
      "essential": 105062.49999999999,
      "healthcare": 0,
      "housing": 0,
      "mortgage": 0,
      "taxes": 40.61298678726016,
      "total": 105062.49999999999,
    },
    "income": {
      "pension": 0,
      "rmd": 0,
      "salary": 0,
      "ss": 0,
      "total": 0,
    },
    "legacyValue": 836944.2215801898,
    "netWorth": 995123.4994361898,
    "taxes": {
      "agi": 54507.44311618932,
      "capGainsTax": 0,
      "capitalLossesUsed": 0,
      "effectiveRate": 0.0007450906603835477,
      "federalIncomeTax": 40.61298678726016,
      "federalOrdinaryTax": 40.61298678726016,
      "fica": {
        "addlMedicare": 0,
        "medicare": 0,
        "ss": 0,
        "total": 0,
      },
      "isItemized": false,
      "itemizedDeduction": 0,
      "marginalRate": 0.12,
      "niit": 0,
      "stateTax": 0,
      "stdDeduction": 29200,
      "taxableIncome": 25307.443116189323,
      "taxableSS": 0,
      "totalTax": 40.61298678726016,
      "usedAgainstGains": 0,
      "usedAgainstOrdinary": 0,
    },
    "totalBalance": 995123.4994361898,
    "withdrawals": {
      "brokerage": 73195.58053430326,
      "cash": 0,
      "crypto": 0,
      "hsa": 0,
      "roth": 0,
      "rothConversion": 0,
      "total": 102395.58053430326,
      "traditional": 29200,
    },
    "year": 2027,
  },
  {
    "age": 53,
    "balances": {
      "brokerage": 0,
      "cash": 0,
      "crypto": 157295.52120000005,
      "hsa": 26215.9202,
      "hsaClient": 26215.9202,
      "hsaSpouse": 0,
      "mortgageBalance": 0,
      "realEstate": 0,
      "roth": 131079.60100000002,
      "rothClient": 65539.80050000001,
      "rothSpouse": 65539.80050000001,
      "traditional": 635100.8693665622,
      "traditionalClient": 529250.7244721352,
      "traditionalSpouse": 105850.14489442702,
    },
    "cashFlow": {
      "byAccount": {
        "brokerage": -66533.71503618956,
        "cash": 0,
        "crypto": 0,
        "hsaClient": 0,
        "hsaSpouse": 0,
        "rothClient": 0,
        "rothSpouse": 0,
        "traditionalClient": -34189.37503227258,
        "traditionalSpouse": -6837.875006454515,
      },
    },
    "estateReport": {
      "net": {
        "total": 790975.8822705874,
      },
      "taxes": {
        "estate": 0,
      },
    },
    "expenses": {
      "essential": 107689.06249999997,
      "healthcare": 0,
      "housing": 0,
      "mortgage": 0,
      "taxes": 1202.6851183835665,
      "total": 107689.06249999997,
    },
    "income": {
      "pension": 0,
      "rmd": 0,
      "salary": 0,
      "ss": 0,
      "total": 0,
    },
    "legacyValue": 790975.8822705874,
    "netWorth": 949691.9117665624,
    "taxes": {
      "agi": 64666.031714081575,
      "capGainsTax": 0,
      "capitalLossesUsed": 0,
      "effectiveRate": 0.018598406095199926,
      "federalIncomeTax": 1202.6851183835665,
      "federalOrdinaryTax": 1202.6851183835665,
      "fica": {
        "addlMedicare": 0,
        "medicare": 0,
        "ss": 0,
        "total": 0,
      },
      "isItemized": false,
      "itemizedDeduction": 0,
      "marginalRate": 0.12,
      "niit": 0,
      "stateTax": 0,
      "stdDeduction": 29200,
      "taxableIncome": 35466.031714081575,
      "taxableSS": 0,
      "totalTax": 1202.6851183835665,
      "usedAgainstGains": 0,
      "usedAgainstOrdinary": 0,
    },
    "totalBalance": 949691.9117665624,
    "withdrawals": {
      "brokerage": 66533.71503618956,
      "cash": 0,
      "crypto": 0,
      "hsa": 0,
      "roth": 0,
      "rothConversion": 0,
      "total": 107560.96507491666,
      "traditional": 41027.2500387271,
    },
    "year": 2028,
  },
  {
    "age": 54,
    "balances": {
      "brokerage": 0,
      "cash": 0,
      "crypto": 168306.20768400005,
      "hsa": 28051.034614000004,
      "hsaClient": 28051.034614000004,
      "hsaSpouse": 0,
      "mortgageBalance": 0,
      "realEstate": 0,
      "roth": 140255.17307000005,
      "rothClient": 70127.58653500002,
      "rothSpouse": 70127.58653500002,
      "traditional": 550171.3838663147,
      "traditionalClient": 458476.15322192886,
      "traditionalSpouse": 91695.23064438577,
    },
    "cashFlow": {
      "byAccount": {
        "brokerage": 0,
        "cash": 0,
        "crypto": 0,
        "hsaClient": 0,
        "hsaSpouse": 0,
        "rothClient": 0,
        "rothSpouse": 0,
        "traditionalClient": -100768.33828341663,
        "traditionalSpouse": -20153.66765668332,
      },
    },
    "estateReport": {
      "net": {
        "total": 748010.4187990393,
      },
      "taxes": {
        "estate": 0,
      },
    },
    "expenses": {
      "essential": 110381.28906249996,
      "healthcare": 0,
      "housing": 0,
      "mortgage": 0,
      "taxes": 10542.640712811994,
      "total": 110381.28906249996,
    },
    "income": {
      "pension": 0,
      "rmd": 0,
      "salary": 0,
      "ss": 0,
      "total": 0,
    },
    "legacyValue": 748010.4187990393,
    "netWorth": 886783.7992343148,
    "taxes": {
      "agi": 120922.00594009995,
      "capGainsTax": 0,
      "capitalLossesUsed": 0,
      "effectiveRate": 0.08718546000662945,
      "federalIncomeTax": 10542.640712811994,
      "federalOrdinaryTax": 10542.640712811994,
      "fica": {
        "addlMedicare": 0,
        "medicare": 0,
        "ss": 0,
        "total": 0,
      },
      "isItemized": false,
      "itemizedDeduction": 0,
      "marginalRate": 0.12,
      "niit": 0,
      "stateTax": 0,
      "stdDeduction": 29200,
      "taxableIncome": 91722.00594009995,
      "taxableSS": 0,
      "totalTax": 10542.640712811994,
      "usedAgainstGains": 0,
      "usedAgainstOrdinary": 0,
    },
    "totalBalance": 886783.7992343148,
    "withdrawals": {
      "brokerage": 0,
      "cash": 0,
      "crypto": 0,
      "hsa": 0,
      "roth": 0,
      "rothConversion": 0,
      "total": 120922.00594009995,
      "traditional": 120922.00594009995,
    },
    "year": 2029,
  },
  {
    "age": 55,
    "balances": {
      "brokerage": 0,
      "cash": 0,
      "crypto": 180087.64222188006,
      "hsa": 30014.607036980007,
      "hsaClient": 30014.607036980007,
      "hsaSpouse": 0,
      "mortgageBalance": 0,
      "realEstate": 0,
      "roth": 150073.03518490007,
      "rothClient": 75036.51759245004,
      "rothSpouse": 75036.51759245004,
      "traditional": 455874.19225834444,
      "traditionalClient": 379895.16021528706,
      "traditionalSpouse": 75979.03204305739,
    },
    "cashFlow": {
      "byAccount": {
        "brokerage": 0,
        "cash": 0,
        "crypto": 0,
        "hsaClient": 0,
        "hsaSpouse": 0,
        "rothClient": 0,
        "rothSpouse": 0,
        "traditionalClient": -103433.9474132494,
        "traditionalSpouse": -20686.789482649892,
      },
    },
    "estateReport": {
      "net": {
        "total": 699436.1648712266,
      },
      "taxes": {
        "estate": 0,
      },
    },
    "expenses": {
      "essential": 113140.82128906244,
      "healthcare": 0,
      "housing": 0,
      "mortgage": 0,
      "taxes": 10988.562117097847,
      "total": 113140.82128906244,
    },
    "income": {
      "pension": 0,
      "rmd": 0,
      "salary": 0,
      "ss": 0,
      "total": 0,
    },
    "legacyValue": 699436.1648712266,
    "netWorth": 816049.4767021046,
    "taxes": {
      "agi": 124120.7368958993,
      "capGainsTax": 0,
      "capitalLossesUsed": 0,
      "effectiveRate": 0.08853123492421745,
      "federalIncomeTax": 10988.562117097847,
      "federalOrdinaryTax": 10988.562117097847,
      "fica": {
        "addlMedicare": 0,
        "medicare": 0,
        "ss": 0,
        "total": 0,
      },
      "isItemized": false,
      "itemizedDeduction": 0,
      "marginalRate": 0.22,
      "niit": 0,
      "stateTax": 0,
      "stdDeduction": 29200,
      "taxableIncome": 94920.7368958993,
      "taxableSS": 0,
      "totalTax": 10988.562117097847,
      "usedAgainstGains": 0,
      "usedAgainstOrdinary": 0,
    },
    "totalBalance": 816049.4767021046,
    "withdrawals": {
      "brokerage": 0,
      "cash": 0,
      "crypto": 0,
      "hsa": 0,
      "roth": 0,
      "rothConversion": 0,
      "total": 124120.7368958993,
      "traditional": 124120.7368958993,
    },
    "year": 2030,
  },
  {
    "age": 56,
    "balances": {
      "brokerage": 0,
      "cash": 0,
      "crypto": 192693.77717741168,
      "hsa": 32115.62952956861,
      "hsaClient": 32115.62952956861,
      "hsaSpouse": 0,
      "mortgageBalance": 0,
      "realEstate": 0,
      "roth": 160578.14764784308,
      "rothClient": 80289.07382392154,
      "rothSpouse": 80289.07382392154,
      "traditional": 351105.1551495841,
      "traditionalClient": 292587.6292913201,
      "traditionalSpouse": 58517.525858264,
    },
    "cashFlow": {
      "byAccount": {
        "brokerage": 0,
        "cash": 0,
        "crypto": 0,
        "hsaClient": 0,
        "hsaSpouse": 0,
        "rothClient": 0,
        "rothSpouse": 0,
        "traditionalClient": -106448.77770003468,
        "traditionalSpouse": -21289.75554000693,
      },
    },
    "estateReport": {
      "net": {
        "total": 644519.7211814107,
      },
      "taxes": {
        "estate": 0,
      },
    },
    "expenses": {
      "essential": 115969.341821289,
      "healthcare": 0,
      "housing": 0,
      "mortgage": 0,
      "taxes": 11784.477312809155,
      "total": 115969.341821289,
    },
    "income": {
      "pension": 0,
      "rmd": 0,
      "salary": 0,
      "ss": 0,
      "total": 0,
    },
    "legacyValue": 644519.7211814107,
    "netWorth": 736492.7095044074,
    "taxes": {
      "agi": 127738.53324004161,
      "capGainsTax": 0,
      "capitalLossesUsed": 0,
      "effectiveRate": 0.09225467847406854,
      "federalIncomeTax": 11784.477312809155,
      "federalOrdinaryTax": 11784.477312809155,
      "fica": {
        "addlMedicare": 0,
        "medicare": 0,
        "ss": 0,
        "total": 0,
      },
      "isItemized": false,
      "itemizedDeduction": 0,
      "marginalRate": 0.22,
      "niit": 0,
      "stateTax": 0,
      "stdDeduction": 29200,
      "taxableIncome": 98538.53324004161,
      "taxableSS": 0,
      "totalTax": 11784.477312809155,
      "usedAgainstGains": 0,
      "usedAgainstOrdinary": 0,
    },
    "totalBalance": 736492.7095044074,
    "withdrawals": {
      "brokerage": 0,
      "cash": 0,
      "crypto": 0,
      "hsa": 0,
      "roth": 0,
      "rothConversion": 0,
      "total": 127738.53324004161,
      "traditional": 127738.53324004161,
    },
    "year": 2031,
  },
  {
    "age": 57,
    "balances": {
      "brokerage": 0,
      "cash": 0,
      "crypto": 206182.3415798305,
      "hsa": 34363.72359663842,
      "hsaClient": 34363.72359663842,
      "hsaSpouse": 0,
      "mortgageBalance": 0,
      "realEstate": 0,
      "roth": 171818.61798319212,
      "rothClient": 85909.30899159606,
      "rothSpouse": 85909.30899159606,
      "traditional": 235030.48461312737,
      "traditionalClient": 195858.73717760615,
      "traditionalSpouse": 39171.74743552121,
    },
    "cashFlow": {
      "byAccount": {
        "brokerage": 0,
        "cash": 0,
        "crypto": 0,
        "hsaClient": 0,
        "hsaSpouse": 0,
        "rothClient": 0,
        "rothSpouse": 0,
        "traditionalClient": -109542.08052720223,
        "traditionalSpouse": -21908.41610544044,
      },
    },
    "estateReport": {
      "net": {
        "total": 582740.5578024446,
      },
      "taxes": {
        "estate": 0,
      },
    },
    "expenses": {
      "essential": 118868.57536682123,
      "healthcare": 0,
      "housing": 0,
      "mortgage": 0,
      "taxes": 12601.109259181387,
      "total": 118868.57536682123,
    },
    "income": {
      "pension": 0,
      "rmd": 0,
      "salary": 0,
      "ss": 0,
      "total": 0,
    },
    "legacyValue": 582740.5578024446,
    "netWorth": 647395.1677727883,
    "taxes": {
      "agi": 131450.49663264267,
      "capGainsTax": 0,
      "capitalLossesUsed": 0,
      "effectiveRate": 0.09586201332047456,
      "federalIncomeTax": 12601.109259181387,
      "federalOrdinaryTax": 12601.109259181387,
      "fica": {
        "addlMedicare": 0,
        "medicare": 0,
        "ss": 0,
        "total": 0,
      },
      "isItemized": false,
      "itemizedDeduction": 0,
      "marginalRate": 0.22,
      "niit": 0,
      "stateTax": 0,
      "stdDeduction": 29200,
      "taxableIncome": 102250.49663264267,
      "taxableSS": 0,
      "totalTax": 12601.109259181387,
      "usedAgainstGains": 0,
      "usedAgainstOrdinary": 0,
    },
    "totalBalance": 647395.1677727883,
    "withdrawals": {
      "brokerage": 0,
      "cash": 0,
      "crypto": 0,
      "hsa": 0,
      "roth": 0,
      "rothConversion": 0,
      "total": 131450.49663264267,
      "traditional": 131450.49663264267,
    },
    "year": 2032,
  },
  {
    "age": 58,
    "balances": {
      "brokerage": 0,
      "cash": 0,
      "crypto": 220615.10549041865,
      "hsa": 36769.18424840311,
      "hsaClient": 36769.18424840311,
      "hsaSpouse": 0,
      "mortgageBalance": 0,
      "realEstate": 0,
      "roth": 183845.92124201558,
      "rothClient": 91922.96062100779,
      "rothSpouse": 91922.96062100779,
      "traditional": 106759.49128828349,
      "traditionalClient": 88966.24274023625,
      "traditionalSpouse": 17793.248548047235,
    },
    "cashFlow": {
      "byAccount": {
        "brokerage": 0,
        "cash": 0,
        "crypto": 0,
        "hsaClient": 0,
        "hsaSpouse": 0,
        "rothClient": 0,
        "rothSpouse": 0,
        "traditionalClient": -112712.7159250489,
        "traditionalSpouse": -22542.543185009778,
      },
    },
    "estateReport": {
      "net": {
        "total": 513542.82014031603,
      },
      "taxes": {
        "estate": 0,
      },
    },
    "expenses": {
      "essential": 121840.28975099172,
      "healthcare": 0,
      "housing": 0,
      "mortgage": 0,
      "taxes": 13438.157004212911,
      "total": 121840.28975099172,
    },
    "income": {
      "pension": 0,
      "rmd": 0,
      "salary": 0,
      "ss": 0,
      "total": 0,
    },
    "legacyValue": 513542.82014031603,
    "netWorth": 547989.7022691208,
    "taxes": {
      "agi": 135255.2591100587,
      "capGainsTax": 0,
      "capitalLossesUsed": 0,
      "effectiveRate": 0.09935404429101079,
      "federalIncomeTax": 13438.157004212911,
      "federalOrdinaryTax": 13438.157004212911,
      "fica": {
        "addlMedicare": 0,
        "medicare": 0,
        "ss": 0,
        "total": 0,
      },
      "isItemized": false,
      "itemizedDeduction": 0,
      "marginalRate": 0.22,
      "niit": 0,
      "stateTax": 0,
      "stdDeduction": 29200,
      "taxableIncome": 106055.25911005869,
      "taxableSS": 0,
      "totalTax": 13438.157004212911,
      "usedAgainstGains": 0,
      "usedAgainstOrdinary": 0,
    },
    "totalBalance": 547989.7022691208,
    "withdrawals": {
      "brokerage": 0,
      "cash": 0,
      "crypto": 0,
      "hsa": 0,
      "roth": 0,
      "rothConversion": 0,
      "total": 135255.2591100587,
      "traditional": 135255.2591100587,
    },
    "year": 2033,
  },
  {
    "age": 59,
    "balances": {
      "brokerage": 0,
      "cash": 0,
      "crypto": 205274.53195671682,
      "hsa": 39343.027145791326,
      "hsaClient": 39343.027145791326,
      "hsaSpouse": 0,
      "mortgageBalance": 0,
      "realEstate": 0,
      "roth": 196715.1357289567,
      "rothClient": 98357.56786447835,
      "rothSpouse": 98357.56786447835,
      "traditional": 0,
      "traditionalClient": 0,
      "traditionalSpouse": 0,
    },
    "cashFlow": {
      "byAccount": {
        "brokerage": 0,
        "cash": 0,
        "crypto": -28769.748521524423,
        "hsaClient": 0,
        "hsaSpouse": 0,
        "rothClient": 0,
        "rothSpouse": 0,
        "traditionalClient": -88966.24274023625,
        "traditionalSpouse": -17793.248548047246,
      },
    },
    "estateReport": {
      "net": {
        "total": 431890.36831647495,
      },
      "taxes": {
        "estate": 0,
      },
    },
    "expenses": {
      "essential": 124886.29699476653,
      "healthcare": 0,
      "housing": 0,
      "mortgage": 0,
      "taxes": 10647.524926065205,
      "total": 124886.29699476653,
    },
    "income": {
      "pension": 0,
      "rmd": 0,
      "salary": 0,
      "ss": 0,
      "total": 0,
    },
    "legacyValue": 431890.36831647495,
    "netWorth": 441332.69483146485,
    "taxes": {
      "agi": 135529.2398098079,
      "capGainsTax": 1804.385971471187,
      "capitalLossesUsed": 0,
      "effectiveRate": 0.07856256657978149,
      "federalIncomeTax": 10647.524926065205,
      "federalOrdinaryTax": 8843.138954594018,
      "fica": {
        "addlMedicare": 0,
        "medicare": 0,
        "ss": 0,
        "total": 0,
      },
      "isItemized": false,
      "itemizedDeduction": 0,
      "marginalRate": 0.22,
      "niit": 0,
      "stateTax": 0,
      "stdDeduction": 29200,
      "taxableIncome": 106329.23980980791,
      "taxableSS": 0,
      "totalTax": 10647.524926065205,
      "usedAgainstGains": 0,
      "usedAgainstOrdinary": 0,
    },
    "totalBalance": 441332.69483146485,
    "withdrawals": {
      "brokerage": 0,
      "cash": 0,
      "crypto": 28769.748521524423,
      "hsa": 0,
      "roth": 0,
      "rothConversion": 0,
      "total": 135529.2398098079,
      "traditional": 106759.49128828349,
    },
    "year": 2034,
  },
  {
    "age": 60,
    "balances": {
      "brokerage": 0,
      "cash": 0,
      "crypto": 76312.97588574624,
      "hsa": 42097.039045996724,
      "hsaClient": 42097.039045996724,
      "hsaSpouse": 0,
      "mortgageBalance": 0,
      "realEstate": 0,
      "roth": 210485.19522998368,
      "rothClient": 105242.59761499184,
      "rothSpouse": 105242.59761499184,
      "traditional": 0,
      "traditionalClient": 0,
      "traditionalSpouse": 0,
    },
    "cashFlow": {
      "byAccount": {
        "brokerage": 0,
        "cash": 0,
        "crypto": -133953.99374573902,
        "hsaClient": 0,
        "hsaSpouse": 0,
        "rothClient": 0,
        "rothSpouse": 0,
        "traditionalClient": 0,
        "traditionalSpouse": 0,
      },
    },
    "estateReport": {
      "net": {
        "total": 318791.92079068744,
      },
      "taxes": {
        "estate": 0,
      },
    },
    "expenses": {
      "essential": 128008.45441963566,
      "healthcare": 0,
      "housing": 0,
      "mortgage": 0,
      "taxes": 5948.099061860853,
      "total": 128008.45441963566,
    },
    "income": {
      "pension": 0,
      "rmd": 0,
      "salary": 0,
      "ss": 0,
      "total": 0,
    },
    "legacyValue": 318791.92079068744,
    "netWorth": 328895.21016172663,
    "taxes": {
      "agi": 133953.99374573902,
      "capGainsTax": 5948.099061860853,
      "capitalLossesUsed": 0,
      "effectiveRate": 0.04440404422096641,
      "federalIncomeTax": 5948.099061860853,
      "federalOrdinaryTax": 0,
      "fica": {
        "addlMedicare": 0,
        "medicare": 0,
        "ss": 0,
        "total": 0,
      },
      "isItemized": false,
      "itemizedDeduction": 0,
      "marginalRate": 0.22,
      "niit": 0,
      "stateTax": 0,
      "stdDeduction": 29200,
      "taxableIncome": 104753.99374573902,
      "taxableSS": 0,
      "totalTax": 5948.099061860853,
      "usedAgainstGains": 0,
      "usedAgainstOrdinary": 0,
    },
    "totalBalance": 328895.21016172663,
    "withdrawals": {
      "brokerage": 0,
      "cash": 0,
      "crypto": 133953.99374573902,
      "hsa": 0,
      "roth": 0,
      "rothConversion": 0,
      "total": 133953.99374573902,
      "traditional": 0,
    },
    "year": 2035,
  },
  {
    "age": 61,
    "balances": {
      "brokerage": 0,
      "cash": 0,
      "crypto": 0,
      "hsa": 45043.831779216496,
      "hsaClient": 45043.831779216496,
      "hsaSpouse": 0,
      "mortgageBalance": 0,
      "realEstate": 0,
      "roth": 166480.7707090956,
      "rothClient": 83240.3853545478,
      "rothSpouse": 83240.3853545478,
      "traditional": 0,
      "traditionalClient": 0,
      "traditionalSpouse": 0,
    },
    "cashFlow": {
      "byAccount": {
        "brokerage": 0,
        "cash": 0,
        "crypto": -76312.97588574624,
        "hsaClient": 0,
        "hsaSpouse": 0,
        "rothClient": -27447.844947190155,
        "rothSpouse": -27447.844947190155,
        "traditionalClient": 0,
        "traditionalSpouse": 0,
      },
    },
    "estateReport": {
      "net": {
        "total": 200714.08286130015,
      },
      "taxes": {
        "estate": 0,
      },
    },
    "expenses": {
      "essential": 131208.66578012655,
      "healthcare": 0,
      "housing": 0,
      "mortgage": 0,
      "taxes": 0,
      "total": 131208.66578012655,
    },
    "income": {
      "pension": 0,
      "rmd": 0,
      "salary": 0,
      "ss": 0,
      "total": 0,
    },
    "legacyValue": 200714.08286130015,
    "netWorth": 211524.6024883121,
    "taxes": {
      "agi": 76312.97588574624,
      "capGainsTax": 0,
      "capitalLossesUsed": 0,
      "effectiveRate": 0,
      "federalIncomeTax": 0,
      "federalOrdinaryTax": 0,
      "fica": {
        "addlMedicare": 0,
        "medicare": 0,
        "ss": 0,
        "total": 0,
      },
      "isItemized": false,
      "itemizedDeduction": 0,
      "marginalRate": 0.12,
      "niit": 0,
      "stateTax": 0,
      "stdDeduction": 29200,
      "taxableIncome": 47112.975885746244,
      "taxableSS": 0,
      "totalTax": 0,
      "usedAgainstGains": 0,
      "usedAgainstOrdinary": 0,
    },
    "totalBalance": 211524.6024883121,
    "withdrawals": {
      "brokerage": 0,
      "cash": 0,
      "crypto": 76312.97588574624,
      "hsa": 0,
      "roth": 54895.68989438031,
      "rothConversion": 0,
      "total": 131208.66578012655,
      "traditional": 0,
    },
    "year": 2036,
  },
  {
    "age": 62,
    "balances": {
      "brokerage": 0,
      "cash": 0,
      "crypto": 0,
      "hsa": 48196.90000376166,
      "hsaClient": 48196.90000376166,
      "hsaSpouse": 0,
      "mortgageBalance": 0,
      "realEstate": 0,
      "roth": 34231.32046437853,
      "rothClient": 17115.660232189264,
      "rothSpouse": 17115.660232189264,
      "traditional": 0,
      "traditionalClient": 0,
      "traditionalSpouse": 0,
    },
    "cashFlow": {
      "byAccount": {
        "brokerage": 0,
        "cash": 0,
        "crypto": 0,
        "hsaClient": 0,
        "hsaSpouse": 0,
        "rothClient": -67244.44121231485,
        "rothSpouse": -67244.44121231485,
        "traditionalClient": 0,
        "traditionalSpouse": 0,
      },
    },
    "estateReport": {
      "net": {
        "total": 70860.96446723738,
      },
      "taxes": {
        "estate": 0,
      },
    },
    "expenses": {
      "essential": 134488.8824246297,
      "healthcare": 0,
      "housing": 0,
      "mortgage": 0,
      "taxes": 0,
      "total": 134488.8824246297,
    },
    "income": {
      "pension": 0,
      "rmd": 0,
      "salary": 0,
      "ss": 0,
      "total": 0,
    },
    "legacyValue": 70860.96446723738,
    "netWorth": 82428.22046814018,
    "taxes": {
      "agi": 0,
      "capGainsTax": 0,
      "capitalLossesUsed": 0,
      "effectiveRate": 0,
      "federalIncomeTax": 0,
      "federalOrdinaryTax": 0,
      "fica": {
        "addlMedicare": 0,
        "medicare": 0,
        "ss": 0,
        "total": 0,
      },
      "isItemized": false,
      "itemizedDeduction": 0,
      "marginalRate": 0.1,
      "niit": 0,
      "stateTax": 0,
      "stdDeduction": 29200,
      "taxableIncome": 0,
      "taxableSS": 0,
      "totalTax": 0,
      "usedAgainstGains": 0,
      "usedAgainstOrdinary": 0,
    },
    "totalBalance": 82428.22046814018,
    "withdrawals": {
      "brokerage": 0,
      "cash": 0,
      "crypto": 0,
      "hsa": 0,
      "roth": 134488.8824246297,
      "rothConversion": 0,
      "total": 134488.8824246297,
      "traditional": 0,
    },
    "year": 2037,
  },
  {
    "age": 63,
    "balances": {
      "brokerage": 0,
      "cash": 0,
      "crypto": 0,
      "hsa": 0,
      "hsaClient": 0,
      "hsaSpouse": 0,
      "mortgageBalance": 0,
      "realEstate": 0,
      "roth": 0,
      "rothClient": 0,
      "rothSpouse": 0,
      "traditional": 0,
      "traditionalClient": 0,
      "traditionalSpouse": 0,
    },
    "cashFlow": {
      "byAccount": {
        "brokerage": 0,
        "cash": 0,
        "crypto": 0,
        "hsaClient": -48196.90000376166,
        "hsaSpouse": 0,
        "rothClient": -17115.660232189264,
        "rothSpouse": -17115.660232189264,
        "traditionalClient": 0,
        "traditionalSpouse": 0,
      },
    },
    "estateReport": {
      "net": {
        "total": 0,
      },
      "taxes": {
        "estate": 0,
      },
    },
    "expenses": {
      "essential": 137851.10448524542,
      "healthcare": 0,
      "housing": 0,
      "mortgage": 0,
      "taxes": 0,
      "total": 137851.10448524542,
    },
    "income": {
      "pension": 0,
      "rmd": 0,
      "salary": 0,
      "ss": 0,
      "total": 0,
    },
    "legacyValue": 0,
    "netWorth": 0,
    "taxes": {
      "agi": 0,
      "capGainsTax": 0,
      "capitalLossesUsed": 0,
      "effectiveRate": 0,
      "federalIncomeTax": 0,
      "federalOrdinaryTax": 0,
      "fica": {
        "addlMedicare": 0,
        "medicare": 0,
        "ss": 0,
        "total": 0,
      },
      "isItemized": false,
      "itemizedDeduction": 0,
      "marginalRate": 0.1,
      "niit": 0,
      "stateTax": 0,
      "stdDeduction": 29200,
      "taxableIncome": 0,
      "taxableSS": 0,
      "totalTax": 0,
      "usedAgainstGains": 0,
      "usedAgainstOrdinary": 0,
    },
    "totalBalance": 0,
    "withdrawals": {
      "brokerage": 0,
      "cash": 0,
      "crypto": 0,
      "hsa": 48196.90000376166,
      "roth": 34231.32046437853,
      "rothConversion": 0,
      "total": 82428.22046814018,
      "traditional": 0,
    },
    "year": 2038,
  },
  {
    "age": 64,
    "balances": {
      "brokerage": 0,
      "cash": 0,
      "crypto": 0,
      "hsa": 0,
      "hsaClient": 0,
      "hsaSpouse": 0,
      "mortgageBalance": 0,
      "realEstate": 0,
      "roth": 0,
      "rothClient": 0,
      "rothSpouse": 0,
      "traditional": 0,
      "traditionalClient": 0,
      "traditionalSpouse": 0,
    },
    "cashFlow": {
      "byAccount": {
        "brokerage": 0,
        "cash": 0,
        "crypto": 0,
        "hsaClient": 0,
        "hsaSpouse": 0,
        "rothClient": 0,
        "rothSpouse": 0,
        "traditionalClient": 0,
        "traditionalSpouse": 0,
      },
    },
    "estateReport": {
      "net": {
        "total": 0,
      },
      "taxes": {
        "estate": 0,
      },
    },
    "expenses": {
      "essential": 141297.38209737657,
      "healthcare": 0,
      "housing": 0,
      "mortgage": 0,
      "taxes": 0,
      "total": 141297.38209737657,
    },
    "income": {
      "pension": 0,
      "rmd": 0,
      "salary": 0,
      "ss": 0,
      "total": 0,
    },
    "legacyValue": 0,
    "netWorth": 0,
    "taxes": {
      "agi": 0,
      "capGainsTax": 0,
      "capitalLossesUsed": 0,
      "effectiveRate": 0,
      "federalIncomeTax": 0,
      "federalOrdinaryTax": 0,
      "fica": {
        "addlMedicare": 0,
        "medicare": 0,
        "ss": 0,
        "total": 0,
      },
      "isItemized": false,
      "itemizedDeduction": 0,
      "marginalRate": 0.1,
      "niit": 0,
      "stateTax": 0,
      "stdDeduction": 29200,
      "taxableIncome": 0,
      "taxableSS": 0,
      "totalTax": 0,
      "usedAgainstGains": 0,
      "usedAgainstOrdinary": 0,
    },
    "totalBalance": 0,
    "withdrawals": {
      "brokerage": 0,
      "cash": 0,
      "crypto": 0,
      "hsa": 0,
      "roth": 0,
      "rothConversion": 0,
      "total": 0,
      "traditional": 0,
    },
    "year": 2039,
  },
  {
    "age": 65,
    "balances": {
      "brokerage": 0,
      "cash": 0,
      "crypto": 0,
      "hsa": 0,
      "hsaClient": 0,
      "hsaSpouse": 0,
      "mortgageBalance": 0,
      "realEstate": 0,
      "roth": 0,
      "rothClient": 0,
      "rothSpouse": 0,
      "traditional": 0,
      "traditionalClient": 0,
      "traditionalSpouse": 0,
    },
    "cashFlow": {
      "byAccount": {
        "brokerage": 0,
        "cash": 0,
        "crypto": 0,
        "hsaClient": 0,
        "hsaSpouse": 0,
        "rothClient": 0,
        "rothSpouse": 0,
        "traditionalClient": 0,
        "traditionalSpouse": 0,
      },
    },
    "estateReport": {
      "net": {
        "total": 0,
      },
      "taxes": {
        "estate": 0,
      },
    },
    "expenses": {
      "essential": 144829.81664981096,
      "healthcare": 2867.3999999999996,
      "housing": 0,
      "mortgage": 0,
      "taxes": 0,
      "total": 147697.21664981096,
    },
    "income": {
      "pension": 0,
      "rmd": 0,
      "salary": 0,
      "ss": 0,
      "total": 0,
    },
    "legacyValue": 0,
    "netWorth": 0,
    "taxes": {
      "agi": 0,
      "capGainsTax": 0,
      "capitalLossesUsed": 0,
      "effectiveRate": 0,
      "federalIncomeTax": 0,
      "federalOrdinaryTax": 0,
      "fica": {
        "addlMedicare": 0,
        "medicare": 0,
        "ss": 0,
        "total": 0,
      },
      "isItemized": false,
      "itemizedDeduction": 2867.3999999999996,
      "marginalRate": 0.1,
      "niit": 0,
      "stateTax": 0,
      "stdDeduction": 31150,
      "taxableIncome": 0,
      "taxableSS": 0,
      "totalTax": 0,
      "usedAgainstGains": 0,
      "usedAgainstOrdinary": 0,
    },
    "totalBalance": 0,
    "withdrawals": {
      "brokerage": 0,
      "cash": 0,
      "crypto": 0,
      "hsa": 0,
      "roth": 0,
      "rothConversion": 0,
      "total": 0,
      "traditional": 0,
    },
    "year": 2040,
  },
  {
    "age": 66,
    "balances": {
      "brokerage": 0,
      "cash": 0,
      "crypto": 0,
      "hsa": 0,
      "hsaClient": 0,
      "hsaSpouse": 0,
      "mortgageBalance": 0,
      "realEstate": 0,
      "roth": 0,
      "rothClient": 0,
      "rothSpouse": 0,
      "traditional": 0,
      "traditionalClient": 0,
      "traditionalSpouse": 0,
    },
    "cashFlow": {
      "byAccount": {
        "brokerage": 0,
        "cash": 0,
        "crypto": 0,
        "hsaClient": 0,
        "hsaSpouse": 0,
        "rothClient": 0,
        "rothSpouse": 0,
        "traditionalClient": 0,
        "traditionalSpouse": 0,
      },
    },
    "estateReport": {
      "net": {
        "total": 0,
      },
      "taxes": {
        "estate": 0,
      },
    },
    "expenses": {
      "essential": 148450.5620660562,
      "healthcare": 2867.3999999999996,
      "housing": 0,
      "mortgage": 0,
      "taxes": 0,
      "total": 151317.9620660562,
    },
    "income": {
      "pension": 0,
      "rmd": 0,
      "salary": 0,
      "ss": 0,
      "total": 0,
    },
    "legacyValue": 0,
    "netWorth": 0,
    "taxes": {
      "agi": 0,
      "capGainsTax": 0,
      "capitalLossesUsed": 0,
      "effectiveRate": 0,
      "federalIncomeTax": 0,
      "federalOrdinaryTax": 0,
      "fica": {
        "addlMedicare": 0,
        "medicare": 0,
        "ss": 0,
        "total": 0,
      },
      "isItemized": false,
      "itemizedDeduction": 2867.3999999999996,
      "marginalRate": 0.1,
      "niit": 0,
      "stateTax": 0,
      "stdDeduction": 31150,
      "taxableIncome": 0,
      "taxableSS": 0,
      "totalTax": 0,
      "usedAgainstGains": 0,
      "usedAgainstOrdinary": 0,
    },
    "totalBalance": 0,
    "withdrawals": {
      "brokerage": 0,
      "cash": 0,
      "crypto": 0,
      "hsa": 0,
      "roth": 0,
      "rothConversion": 0,
      "total": 0,
      "traditional": 0,
    },
    "year": 2041,
  },
  {
    "age": 67,
    "balances": {
      "brokerage": 0,
      "cash": 0,
      "crypto": 0,
      "hsa": 0,
      "hsaClient": 0,
      "hsaSpouse": 0,
      "mortgageBalance": 0,
      "realEstate": 0,
      "roth": 0,
      "rothClient": 0,
      "rothSpouse": 0,
      "traditional": 0,
      "traditionalClient": 0,
      "traditionalSpouse": 0,
    },
    "cashFlow": {
      "byAccount": {
        "brokerage": 0,
        "cash": 0,
        "crypto": 0,
        "hsaClient": 0,
        "hsaSpouse": 0,
        "rothClient": 0,
        "rothSpouse": 0,
        "traditionalClient": 0,
        "traditionalSpouse": 0,
      },
    },
    "estateReport": {
      "net": {
        "total": 0,
      },
      "taxes": {
        "estate": 0,
      },
    },
    "expenses": {
      "essential": 152161.82611770762,
      "healthcare": 5734.799999999999,
      "housing": 0,
      "mortgage": 0,
      "taxes": 0,
      "total": 157896.6261177076,
    },
    "income": {
      "pension": 0,
      "rmd": 0,
      "salary": 0,
      "ss": 0,
      "total": 0,
    },
    "legacyValue": 0,
    "netWorth": 0,
    "taxes": {
      "agi": 0,
      "capGainsTax": 0,
      "capitalLossesUsed": 0,
      "effectiveRate": 0,
      "federalIncomeTax": 0,
      "federalOrdinaryTax": 0,
      "fica": {
        "addlMedicare": 0,
        "medicare": 0,
        "ss": 0,
        "total": 0,
      },
      "isItemized": false,
      "itemizedDeduction": 5734.799999999999,
      "marginalRate": 0.1,
      "niit": 0,
      "stateTax": 0,
      "stdDeduction": 31150,
      "taxableIncome": 0,
      "taxableSS": 0,
      "totalTax": 0,
      "usedAgainstGains": 0,
      "usedAgainstOrdinary": 0,
    },
    "totalBalance": 0,
    "withdrawals": {
      "brokerage": 0,
      "cash": 0,
      "crypto": 0,
      "hsa": 0,
      "roth": 0,
      "rothConversion": 0,
      "total": 0,
      "traditional": 0,
    },
    "year": 2042,
  },
  {
    "age": 68,
    "balances": {
      "brokerage": 0,
      "cash": 0,
      "crypto": 0,
      "hsa": 0,
      "hsaClient": 0,
      "hsaSpouse": 0,
      "mortgageBalance": 0,
      "realEstate": 0,
      "roth": 0,
      "rothClient": 0,
      "rothSpouse": 0,
      "traditional": 0,
      "traditionalClient": 0,
      "traditionalSpouse": 0,
    },
    "cashFlow": {
      "byAccount": {
        "brokerage": 0,
        "cash": 0,
        "crypto": 0,
        "hsaClient": 0,
        "hsaSpouse": 0,
        "rothClient": 0,
        "rothSpouse": 0,
        "traditionalClient": 0,
        "traditionalSpouse": 0,
      },
    },
    "estateReport": {
      "net": {
        "total": 0,
      },
      "taxes": {
        "estate": 0,
      },
    },
    "expenses": {
      "essential": 155965.8717706503,
      "healthcare": 5734.799999999999,
      "housing": 0,
      "mortgage": 0,
      "taxes": 0,
      "total": 161700.67177065028,
    },
    "income": {
      "pension": 0,
      "rmd": 0,
      "salary": 0,
      "ss": 0,
      "total": 0,
    },
    "legacyValue": 0,
    "netWorth": 0,
    "taxes": {
      "agi": 0,
      "capGainsTax": 0,
      "capitalLossesUsed": 0,
      "effectiveRate": 0,
      "federalIncomeTax": 0,
      "federalOrdinaryTax": 0,
      "fica": {
        "addlMedicare": 0,
        "medicare": 0,
        "ss": 0,
        "total": 0,
      },
      "isItemized": false,
      "itemizedDeduction": 5734.799999999999,
      "marginalRate": 0.1,
      "niit": 0,
      "stateTax": 0,
      "stdDeduction": 31150,
      "taxableIncome": 0,
      "taxableSS": 0,
      "totalTax": 0,
      "usedAgainstGains": 0,
      "usedAgainstOrdinary": 0,
    },
    "totalBalance": 0,
    "withdrawals": {
      "brokerage": 0,
      "cash": 0,
      "crypto": 0,
      "hsa": 0,
      "roth": 0,
      "rothConversion": 0,
      "total": 0,
      "traditional": 0,
    },
    "year": 2043,
  },
  {
    "age": 69,
    "balances": {
      "brokerage": 0,
      "cash": 0,
      "crypto": 0,
      "hsa": 0,
      "hsaClient": 0,
      "hsaSpouse": 0,
      "mortgageBalance": 0,
      "realEstate": 0,
      "roth": 0,
      "rothClient": 0,
      "rothSpouse": 0,
      "traditional": 0,
      "traditionalClient": 0,
      "traditionalSpouse": 0,
    },
    "cashFlow": {
      "byAccount": {
        "brokerage": 0,
        "cash": 0,
        "crypto": 0,
        "hsaClient": 0,
        "hsaSpouse": 0,
        "rothClient": 0,
        "rothSpouse": 0,
        "traditionalClient": 0,
        "traditionalSpouse": 0,
      },
    },
    "estateReport": {
      "net": {
        "total": 0,
      },
      "taxes": {
        "estate": 0,
      },
    },
    "expenses": {
      "essential": 159865.01856491654,
      "healthcare": 5734.799999999999,
      "housing": 0,
      "mortgage": 0,
      "taxes": 0,
      "total": 165599.81856491652,
    },
    "income": {
      "pension": 31973.003712983307,
      "rmd": 0,
      "salary": 0,
      "ss": 31973.003712983307,
      "total": 31973.003712983307,
    },
    "legacyValue": 0,
    "netWorth": 0,
    "taxes": {
      "agi": 0,
      "capGainsTax": 0,
      "capitalLossesUsed": 0,
      "effectiveRate": 0,
      "federalIncomeTax": 0,
      "federalOrdinaryTax": 0,
      "fica": {
        "addlMedicare": 0,
        "medicare": 0,
        "ss": 0,
        "total": 0,
      },
      "isItemized": false,
      "itemizedDeduction": 5734.799999999999,
      "marginalRate": 0.1,
      "niit": 0,
      "stateTax": 0,
      "stdDeduction": 31150,
      "taxableIncome": 0,
      "taxableSS": 0,
      "totalTax": 0,
      "usedAgainstGains": 0,
      "usedAgainstOrdinary": 0,
    },
    "totalBalance": 0,
    "withdrawals": {
      "brokerage": 0,
      "cash": 0,
      "crypto": 0,
      "hsa": 0,
      "roth": 0,
      "rothConversion": 0,
      "total": 0,
      "traditional": 0,
    },
    "year": 2044,
  },
  {
    "age": 70,
    "balances": {
      "brokerage": 0,
      "cash": 0,
      "crypto": 0,
      "hsa": 0,
      "hsaClient": 0,
      "hsaSpouse": 0,
      "mortgageBalance": 0,
      "realEstate": 0,
      "roth": 0,
      "rothClient": 0,
      "rothSpouse": 0,
      "traditional": 0,
      "traditionalClient": 0,
      "traditionalSpouse": 0,
    },
    "cashFlow": {
      "byAccount": {
        "brokerage": 0,
        "cash": 0,
        "crypto": 0,
        "hsaClient": 0,
        "hsaSpouse": 0,
        "rothClient": 0,
        "rothSpouse": 0,
        "traditionalClient": 0,
        "traditionalSpouse": 0,
      },
    },
    "estateReport": {
      "net": {
        "total": 0,
      },
      "taxes": {
        "estate": 0,
      },
    },
    "expenses": {
      "essential": 163861.64402903942,
      "healthcare": 5734.799999999999,
      "housing": 0,
      "mortgage": 0,
      "taxes": 0,
      "total": 169596.4440290394,
    },
    "income": {
      "pension": 103888.28231441099,
      "rmd": 0,
      "salary": 0,
      "ss": 103888.28231441099,
      "total": 103888.28231441099,
    },
    "legacyValue": 0,
    "netWorth": 0,
    "taxes": {
      "agi": 12752.519983624668,
      "capGainsTax": 0,
      "capitalLossesUsed": 0,
      "effectiveRate": 0,
      "federalIncomeTax": 0,
      "federalOrdinaryTax": 0,
      "fica": {
        "addlMedicare": 0,
        "medicare": 0,
        "ss": 0,
        "total": 0,
      },
      "isItemized": false,
      "itemizedDeduction": 4778.36100122815,
      "marginalRate": 0.1,
      "niit": 0,
      "stateTax": 0,
      "stdDeduction": 31150,
      "taxableIncome": 0,
      "taxableSS": 12752.519983624668,
      "totalTax": 0,
      "usedAgainstGains": 0,
      "usedAgainstOrdinary": 0,
    },
    "totalBalance": 0,
    "withdrawals": {
      "brokerage": 0,
      "cash": 0,
      "crypto": 0,
      "hsa": 0,
      "roth": 0,
      "rothConversion": 0,
      "total": 0,
      "traditional": 0,
    },
    "year": 2045,
  },
  {
    "age": 71,
    "balances": {
      "brokerage": 0,
      "cash": 0,
      "crypto": 0,
      "hsa": 0,
      "hsaClient": 0,
      "hsaSpouse": 0,
      "mortgageBalance": 0,
      "realEstate": 0,
      "roth": 0,
      "rothClient": 0,
      "rothSpouse": 0,
      "traditional": 0,
      "traditionalClient": 0,
      "traditionalSpouse": 0,
    },
    "cashFlow": {
      "byAccount": {
        "brokerage": 0,
        "cash": 0,
        "crypto": 0,
        "hsaClient": 0,
        "hsaSpouse": 0,
        "rothClient": 0,
        "rothSpouse": 0,
        "traditionalClient": 0,
        "traditionalSpouse": 0,
      },
    },
    "estateReport": {
      "net": {
        "total": 0,
      },
      "taxes": {
        "estate": 0,
      },
    },
    "expenses": {
      "essential": 167958.18512976542,
      "healthcare": 5734.799999999999,
      "housing": 0,
      "mortgage": 0,
      "taxes": 0,
      "total": 173692.9851297654,
    },
    "income": {
      "pension": 106485.48937227127,
      "rmd": 0,
      "salary": 0,
      "ss": 106485.48937227127,
      "total": 106485.48937227127,
    },
    "legacyValue": 0,
    "netWorth": 0,
    "taxes": {
      "agi": 13856.332983215292,
      "capGainsTax": 0,
      "capitalLossesUsed": 0,
      "effectiveRate": 0,
      "federalIncomeTax": 0,
      "federalOrdinaryTax": 0,
      "fica": {
        "addlMedicare": 0,
        "medicare": 0,
        "ss": 0,
        "total": 0,
      },
      "isItemized": false,
      "itemizedDeduction": 4695.575026258853,
      "marginalRate": 0.1,
      "niit": 0,
      "stateTax": 0,
      "stdDeduction": 31150,
      "taxableIncome": 0,
      "taxableSS": 13856.332983215292,
      "totalTax": 0,
      "usedAgainstGains": 0,
      "usedAgainstOrdinary": 0,
    },
    "totalBalance": 0,
    "withdrawals": {
      "brokerage": 0,
      "cash": 0,
      "crypto": 0,
      "hsa": 0,
      "roth": 0,
      "rothConversion": 0,
      "total": 0,
      "traditional": 0,
    },
    "year": 2046,
  },
  {
    "age": 72,
    "balances": {
      "brokerage": 0,
      "cash": 0,
      "crypto": 0,
      "hsa": 0,
      "hsaClient": 0,
      "hsaSpouse": 0,
      "mortgageBalance": 0,
      "realEstate": 0,
      "roth": 0,
      "rothClient": 0,
      "rothSpouse": 0,
      "traditional": 0,
      "traditionalClient": 0,
      "traditionalSpouse": 0,
    },
    "cashFlow": {
      "byAccount": {
        "brokerage": 0,
        "cash": 0,
        "crypto": 0,
        "hsaClient": 0,
        "hsaSpouse": 0,
        "rothClient": 0,
        "rothSpouse": 0,
        "traditionalClient": 0,
        "traditionalSpouse": 0,
      },
    },
    "estateReport": {
      "net": {
        "total": 0,
      },
      "taxes": {
        "estate": 0,
      },
    },
    "expenses": {
      "essential": 172157.13975800952,
      "healthcare": 5734.799999999999,
      "housing": 0,
      "mortgage": 0,
      "taxes": 0,
      "total": 177891.9397580095,
    },
    "income": {
      "pension": 109147.62660657804,
      "rmd": 0,
      "salary": 0,
      "ss": 109147.62660657804,
      "total": 109147.62660657804,
    },
    "legacyValue": 0,
    "netWorth": 0,
    "taxes": {
      "agi": 14987.741307795664,
      "capGainsTax": 0,
      "capitalLossesUsed": 0,
      "effectiveRate": 0,
      "federalIncomeTax": 0,
      "federalOrdinaryTax": 0,
      "fica": {
        "addlMedicare": 0,
        "medicare": 0,
        "ss": 0,
        "total": 0,
      },
      "isItemized": false,
      "itemizedDeduction": 4610.719401915325,
      "marginalRate": 0.1,
      "niit": 0,
      "stateTax": 0,
      "stdDeduction": 31150,
      "taxableIncome": 0,
      "taxableSS": 14987.741307795664,
      "totalTax": 0,
      "usedAgainstGains": 0,
      "usedAgainstOrdinary": 0,
    },
    "totalBalance": 0,
    "withdrawals": {
      "brokerage": 0,
      "cash": 0,
      "crypto": 0,
      "hsa": 0,
      "roth": 0,
      "rothConversion": 0,
      "total": 0,
      "traditional": 0,
    },
    "year": 2047,
  },
  {
    "age": 73,
    "balances": {
      "brokerage": 0,
      "cash": 0,
      "crypto": 0,
      "hsa": 0,
      "hsaClient": 0,
      "hsaSpouse": 0,
      "mortgageBalance": 0,
      "realEstate": 0,
      "roth": 0,
      "rothClient": 0,
      "rothSpouse": 0,
      "traditional": 0,
      "traditionalClient": 0,
      "traditionalSpouse": 0,
    },
    "cashFlow": {
      "byAccount": {
        "brokerage": 0,
        "cash": 0,
        "crypto": 0,
        "hsaClient": 0,
        "hsaSpouse": 0,
        "rothClient": 0,
        "rothSpouse": 0,
        "traditionalClient": 0,
        "traditionalSpouse": 0,
      },
    },
    "estateReport": {
      "net": {
        "total": 0,
      },
      "taxes": {
        "estate": 0,
      },
    },
    "expenses": {
      "essential": 176461.06825195975,
      "healthcare": 5734.799999999999,
      "housing": 0,
      "mortgage": 0,
      "taxes": 0,
      "total": 182195.86825195974,
    },
    "income": {
      "pension": 111876.31727174247,
      "rmd": 0,
      "salary": 0,
      "ss": 111876.31727174247,
      "total": 111876.31727174247,
    },
    "legacyValue": 0,
    "netWorth": 0,
    "taxes": {
      "agi": 16147.434840490552,
      "capGainsTax": 0,
      "capitalLossesUsed": 0,
      "effectiveRate": 0,
      "federalIncomeTax": 0,
      "federalOrdinaryTax": 0,
      "fica": {
        "addlMedicare": 0,
        "medicare": 0,
        "ss": 0,
        "total": 0,
      },
      "isItemized": false,
      "itemizedDeduction": 4523.7423869632075,
      "marginalRate": 0.1,
      "niit": 0,
      "stateTax": 0,
      "stdDeduction": 31150,
      "taxableIncome": 0,
      "taxableSS": 16147.434840490552,
      "totalTax": 0,
      "usedAgainstGains": 0,
      "usedAgainstOrdinary": 0,
    },
    "totalBalance": 0,
    "withdrawals": {
      "brokerage": 0,
      "cash": 0,
      "crypto": 0,
      "hsa": 0,
      "roth": 0,
      "rothConversion": 0,
      "total": 0,
      "traditional": 0,
    },
    "year": 2048,
  },
  {
    "age": 74,
    "balances": {
      "brokerage": 0,
      "cash": 0,
      "crypto": 0,
      "hsa": 0,
      "hsaClient": 0,
      "hsaSpouse": 0,
      "mortgageBalance": 0,
      "realEstate": 0,
      "roth": 0,
      "rothClient": 0,
      "rothSpouse": 0,
      "traditional": 0,
      "traditionalClient": 0,
      "traditionalSpouse": 0,
    },
    "cashFlow": {
      "byAccount": {
        "brokerage": 0,
        "cash": 0,
        "crypto": 0,
        "hsaClient": 0,
        "hsaSpouse": 0,
        "rothClient": 0,
        "rothSpouse": 0,
        "traditionalClient": 0,
        "traditionalSpouse": 0,
      },
    },
    "estateReport": {
      "net": {
        "total": 0,
      },
      "taxes": {
        "estate": 0,
      },
    },
    "expenses": {
      "essential": 180872.5949582587,
      "healthcare": 5734.799999999999,
      "housing": 0,
      "mortgage": 0,
      "taxes": 0,
      "total": 186607.3949582587,
    },
    "income": {
      "pension": 114673.22520353603,
      "rmd": 0,
      "salary": 0,
      "ss": 114673.22520353603,
      "total": 114673.22520353603,
    },
    "legacyValue": 0,
    "netWorth": 0,
    "taxes": {
      "agi": 17336.120711502812,
      "capGainsTax": 0,
      "capitalLossesUsed": 0,
      "effectiveRate": 0,
      "federalIncomeTax": 0,
      "federalOrdinaryTax": 0,
      "fica": {
        "addlMedicare": 0,
        "medicare": 0,
        "ss": 0,
        "total": 0,
      },
      "isItemized": false,
      "itemizedDeduction": 4434.590946637289,
      "marginalRate": 0.1,
      "niit": 0,
      "stateTax": 0,
      "stdDeduction": 31150,
      "taxableIncome": 0,
      "taxableSS": 17336.120711502812,
      "totalTax": 0,
      "usedAgainstGains": 0,
      "usedAgainstOrdinary": 0,
    },
    "totalBalance": 0,
    "withdrawals": {
      "brokerage": 0,
      "cash": 0,
      "crypto": 0,
      "hsa": 0,
      "roth": 0,
      "rothConversion": 0,
      "total": 0,
      "traditional": 0,
    },
    "year": 2049,
  },
  {
    "age": 75,
    "balances": {
      "brokerage": 0,
      "cash": 0,
      "crypto": 0,
      "hsa": 0,
      "hsaClient": 0,
      "hsaSpouse": 0,
      "mortgageBalance": 0,
      "realEstate": 0,
      "roth": 0,
      "rothClient": 0,
      "rothSpouse": 0,
      "traditional": 0,
      "traditionalClient": 0,
      "traditionalSpouse": 0,
    },
    "cashFlow": {
      "byAccount": {
        "brokerage": 0,
        "cash": 0,
        "crypto": 0,
        "hsaClient": 0,
        "hsaSpouse": 0,
        "rothClient": 0,
        "rothSpouse": 0,
        "traditionalClient": 0,
        "traditionalSpouse": 0,
      },
    },
    "estateReport": {
      "net": {
        "total": 0,
      },
      "taxes": {
        "estate": 0,
      },
    },
    "expenses": {
      "essential": 166854.96884899365,
      "healthcare": 5734.799999999999,
      "housing": 0,
      "mortgage": 0,
      "taxes": 0,
      "total": 172589.76884899364,
    },
    "income": {
      "pension": 117540.05583362443,
      "rmd": 0,
      "salary": 0,
      "ss": 117540.05583362443,
      "total": 117540.05583362443,
    },
    "legacyValue": 0,
    "netWorth": 0,
    "taxes": {
      "agi": 18554.523729290384,
      "capGainsTax": 0,
      "capitalLossesUsed": 0,
      "effectiveRate": 0,
      "federalIncomeTax": 0,
      "federalOrdinaryTax": 0,
      "fica": {
        "addlMedicare": 0,
        "medicare": 0,
        "ss": 0,
        "total": 0,
      },
      "isItemized": false,
      "itemizedDeduction": 4343.210720303221,
      "marginalRate": 0.1,
      "niit": 0,
      "stateTax": 0,
      "stdDeduction": 31150,
      "taxableIncome": 0,
      "taxableSS": 18554.523729290384,
      "totalTax": 0,
      "usedAgainstGains": 0,
      "usedAgainstOrdinary": 0,
    },
    "totalBalance": 0,
    "withdrawals": {
      "brokerage": 0,
      "cash": 0,
      "crypto": 0,
      "hsa": 0,
      "roth": 0,
      "rothConversion": 0,
      "total": 0,
      "traditional": 0,
    },
    "year": 2050,
  },
  {
    "age": 76,
    "balances": {
      "brokerage": 0,
      "cash": 0,
      "crypto": 0,
      "hsa": 0,
      "hsaClient": 0,
      "hsaSpouse": 0,
      "mortgageBalance": 0,
      "realEstate": 0,
      "roth": 0,
      "rothClient": 0,
      "rothSpouse": 0,
      "traditional": 0,
      "traditionalClient": 0,
      "traditionalSpouse": 0,
    },
    "cashFlow": {
      "byAccount": {
        "brokerage": 0,
        "cash": 0,
        "crypto": 0,
        "hsaClient": 0,
        "hsaSpouse": 0,
        "rothClient": 0,
        "rothSpouse": 0,
        "traditionalClient": 0,
        "traditionalSpouse": 0,
      },
    },
    "estateReport": {
      "net": {
        "total": 0,
      },
      "taxes": {
        "estate": 0,
      },
    },
    "expenses": {
      "essential": 171026.34307021849,
      "healthcare": 5734.799999999999,
      "housing": 0,
      "mortgage": 0,
      "taxes": 0,
      "total": 176761.14307021847,
    },
    "income": {
      "pension": 120478.55722946502,
      "rmd": 0,
      "salary": 0,
      "ss": 120478.55722946502,
      "total": 120478.55722946502,
    },
    "legacyValue": 0,
    "netWorth": 0,
    "taxes": {
      "agi": 19803.386822522632,
      "capGainsTax": 0,
      "capitalLossesUsed": 0,
      "effectiveRate": 0,
      "federalIncomeTax": 0,
      "federalOrdinaryTax": 0,
      "fica": {
        "addlMedicare": 0,
        "medicare": 0,
        "ss": 0,
        "total": 0,
      },
      "isItemized": false,
      "itemizedDeduction": 4249.5459883108015,
      "marginalRate": 0.1,
      "niit": 0,
      "stateTax": 0,
      "stdDeduction": 31150,
      "taxableIncome": 0,
      "taxableSS": 19803.386822522632,
      "totalTax": 0,
      "usedAgainstGains": 0,
      "usedAgainstOrdinary": 0,
    },
    "totalBalance": 0,
    "withdrawals": {
      "brokerage": 0,
      "cash": 0,
      "crypto": 0,
      "hsa": 0,
      "roth": 0,
      "rothConversion": 0,
      "total": 0,
      "traditional": 0,
    },
    "year": 2051,
  },
  {
    "age": 77,
    "balances": {
      "brokerage": 0,
      "cash": 0,
      "crypto": 0,
      "hsa": 0,
      "hsaClient": 0,
      "hsaSpouse": 0,
      "mortgageBalance": 0,
      "realEstate": 0,
      "roth": 0,
      "rothClient": 0,
      "rothSpouse": 0,
      "traditional": 0,
      "traditionalClient": 0,
      "traditionalSpouse": 0,
    },
    "cashFlow": {
      "byAccount": {
        "brokerage": 0,
        "cash": 0,
        "crypto": 0,
        "hsaClient": 0,
        "hsaSpouse": 0,
        "rothClient": 0,
        "rothSpouse": 0,
        "traditionalClient": 0,
        "traditionalSpouse": 0,
      },
    },
    "estateReport": {
      "net": {
        "total": 0,
      },
      "taxes": {
        "estate": 0,
      },
    },
    "expenses": {
      "essential": 175302.00164697395,
      "healthcare": 5734.799999999999,
      "housing": 0,
      "mortgage": 0,
      "taxes": 0,
      "total": 181036.80164697394,
    },
    "income": {
      "pension": 123490.52116020164,
      "rmd": 0,
      "salary": 0,
      "ss": 123490.52116020164,
      "total": 123490.52116020164,
    },
    "legacyValue": 0,
    "netWorth": 0,
    "taxes": {
      "agi": 21083.471493085694,
      "capGainsTax": 0,
      "capitalLossesUsed": 0,
      "effectiveRate": 0,
      "federalIncomeTax": 0,
      "federalOrdinaryTax": 0,
      "fica": {
        "addlMedicare": 0,
        "medicare": 0,
        "ss": 0,
        "total": 0,
      },
      "isItemized": false,
      "itemizedDeduction": 4153.539638018572,
      "marginalRate": 0.1,
      "niit": 0,
      "stateTax": 0,
      "stdDeduction": 31150,
      "taxableIncome": 0,
      "taxableSS": 21083.471493085694,
      "totalTax": 0,
      "usedAgainstGains": 0,
      "usedAgainstOrdinary": 0,
    },
    "totalBalance": 0,
    "withdrawals": {
      "brokerage": 0,
      "cash": 0,
      "crypto": 0,
      "hsa": 0,
      "roth": 0,
      "rothConversion": 0,
      "total": 0,
      "traditional": 0,
    },
    "year": 2052,
  },
  {
    "age": 78,
    "balances": {
      "brokerage": 0,
      "cash": 0,
      "crypto": 0,
      "hsa": 0,
      "hsaClient": 0,
      "hsaSpouse": 0,
      "mortgageBalance": 0,
      "realEstate": 0,
      "roth": 0,
      "rothClient": 0,
      "rothSpouse": 0,
      "traditional": 0,
      "traditionalClient": 0,
      "traditionalSpouse": 0,
    },
    "cashFlow": {
      "byAccount": {
        "brokerage": 0,
        "cash": 0,
        "crypto": 0,
        "hsaClient": 0,
        "hsaSpouse": 0,
        "rothClient": 0,
        "rothSpouse": 0,
        "traditionalClient": 0,
        "traditionalSpouse": 0,
      },
    },
    "estateReport": {
      "net": {
        "total": 0,
      },
      "taxes": {
        "estate": 0,
      },
    },
    "expenses": {
      "essential": 179684.55168814826,
      "healthcare": 5734.799999999999,
      "housing": 0,
      "mortgage": 0,
      "taxes": 0,
      "total": 185419.35168814825,
    },
    "income": {
      "pension": 126577.78418920668,
      "rmd": 0,
      "salary": 0,
      "ss": 126577.78418920668,
      "total": 126577.78418920668,
    },
    "legacyValue": 0,
    "netWorth": 0,
    "taxes": {
      "agi": 22395.55828041284,
      "capGainsTax": 0,
      "capitalLossesUsed": 0,
      "effectiveRate": 0,
      "federalIncomeTax": 0,
      "federalOrdinaryTax": 0,
      "fica": {
        "addlMedicare": 0,
        "medicare": 0,
        "ss": 0,
        "total": 0,
      },
      "isItemized": false,
      "itemizedDeduction": 4055.133128969036,
      "marginalRate": 0.1,
      "niit": 0,
      "stateTax": 0,
      "stdDeduction": 31150,
      "taxableIncome": 0,
      "taxableSS": 22395.55828041284,
      "totalTax": 0,
      "usedAgainstGains": 0,
      "usedAgainstOrdinary": 0,
    },
    "totalBalance": 0,
    "withdrawals": {
      "brokerage": 0,
      "cash": 0,
      "crypto": 0,
      "hsa": 0,
      "roth": 0,
      "rothConversion": 0,
      "total": 0,
      "traditional": 0,
    },
    "year": 2053,
  },
  {
    "age": 79,
    "balances": {
      "brokerage": 0,
      "cash": 0,
      "crypto": 0,
      "hsa": 0,
      "hsaClient": 0,
      "hsaSpouse": 0,
      "mortgageBalance": 0,
      "realEstate": 0,
      "roth": 0,
      "rothClient": 0,
      "rothSpouse": 0,
      "traditional": 0,
      "traditionalClient": 0,
      "traditionalSpouse": 0,
    },
    "cashFlow": {
      "byAccount": {
        "brokerage": 0,
        "cash": 0,
        "crypto": 0,
        "hsaClient": 0,
        "hsaSpouse": 0,
        "rothClient": 0,
        "rothSpouse": 0,
        "traditionalClient": 0,
        "traditionalSpouse": 0,
      },
    },
    "estateReport": {
      "net": {
        "total": 0,
      },
      "taxes": {
        "estate": 0,
      },
    },
    "expenses": {
      "essential": 184176.66548035198,
      "healthcare": 5734.799999999999,
      "housing": 0,
      "mortgage": 0,
      "taxes": 0,
      "total": 189911.46548035197,
    },
    "income": {
      "pension": 129742.22879393684,
      "rmd": 0,
      "salary": 0,
      "ss": 129742.22879393684,
      "total": 129742.22879393684,
    },
    "legacyValue": 0,
    "netWorth": 0,
    "taxes": {
      "agi": 23740.447237423155,
      "capGainsTax": 0,
      "capitalLossesUsed": 0,
      "effectiveRate": 0,
      "federalIncomeTax": 0,
      "federalOrdinaryTax": 0,
      "fica": {
        "addlMedicare": 0,
        "medicare": 0,
        "ss": 0,
        "total": 0,
      },
      "isItemized": false,
      "itemizedDeduction": 3954.266457193263,
      "marginalRate": 0.1,
      "niit": 0,
      "stateTax": 0,
      "stdDeduction": 31150,
      "taxableIncome": 0,
      "taxableSS": 23740.447237423155,
      "totalTax": 0,
      "usedAgainstGains": 0,
      "usedAgainstOrdinary": 0,
    },
    "totalBalance": 0,
    "withdrawals": {
      "brokerage": 0,
      "cash": 0,
      "crypto": 0,
      "hsa": 0,
      "roth": 0,
      "rothConversion": 0,
      "total": 0,
      "traditional": 0,
    },
    "year": 2054,
  },
  {
    "age": 80,
    "balances": {
      "brokerage": 0,
      "cash": 0,
      "crypto": 0,
      "hsa": 0,
      "hsaClient": 0,
      "hsaSpouse": 0,
      "mortgageBalance": 0,
      "realEstate": 0,
      "roth": 0,
      "rothClient": 0,
      "rothSpouse": 0,
      "traditional": 0,
      "traditionalClient": 0,
      "traditionalSpouse": 0,
    },
    "cashFlow": {
      "byAccount": {
        "brokerage": 0,
        "cash": 0,
        "crypto": 0,
        "hsaClient": 0,
        "hsaSpouse": 0,
        "rothClient": 0,
        "rothSpouse": 0,
        "traditionalClient": 0,
        "traditionalSpouse": 0,
      },
    },
    "estateReport": {
      "net": {
        "total": 0,
      },
      "taxes": {
        "estate": 0,
      },
    },
    "expenses": {
      "essential": 188781.08211736073,
      "healthcare": 5734.799999999999,
      "housing": 0,
      "mortgage": 0,
      "taxes": 0,
      "total": 194515.8821173607,
    },
    "income": {
      "pension": 132985.7845137852,
      "rmd": 0,
      "salary": 0,
      "ss": 132985.7845137852,
      "total": 132985.7845137852,
    },
    "legacyValue": 0,
    "netWorth": 0,
    "taxes": {
      "agi": 25118.958418358714,
      "capGainsTax": 0,
      "capitalLossesUsed": 0,
      "effectiveRate": 0,
      "federalIncomeTax": 0,
      "federalOrdinaryTax": 0,
      "fica": {
        "addlMedicare": 0,
        "medicare": 0,
        "ss": 0,
        "total": 0,
      },
      "isItemized": false,
      "itemizedDeduction": 3850.878118623096,
      "marginalRate": 0.1,
      "niit": 0,
      "stateTax": 0,
      "stdDeduction": 31150,
      "taxableIncome": 0,
      "taxableSS": 25118.958418358714,
      "totalTax": 0,
      "usedAgainstGains": 0,
      "usedAgainstOrdinary": 0,
    },
    "totalBalance": 0,
    "withdrawals": {
      "brokerage": 0,
      "cash": 0,
      "crypto": 0,
      "hsa": 0,
      "roth": 0,
      "rothConversion": 0,
      "total": 0,
      "traditional": 0,
    },
    "year": 2055,
  },
  {
    "age": 81,
    "balances": {
      "brokerage": 0,
      "cash": 0,
      "crypto": 0,
      "hsa": 0,
      "hsaClient": 0,
      "hsaSpouse": 0,
      "mortgageBalance": 0,
      "realEstate": 0,
      "roth": 0,
      "rothClient": 0,
      "rothSpouse": 0,
      "traditional": 0,
      "traditionalClient": 0,
      "traditionalSpouse": 0,
    },
    "cashFlow": {
      "byAccount": {
        "brokerage": 0,
        "cash": 0,
        "crypto": 0,
        "hsaClient": 0,
        "hsaSpouse": 0,
        "rothClient": 0,
        "rothSpouse": 0,
        "traditionalClient": 0,
        "traditionalSpouse": 0,
      },
    },
    "estateReport": {
      "net": {
        "total": 0,
      },
      "taxes": {
        "estate": 0,
      },
    },
    "expenses": {
      "essential": 193500.60917029475,
      "healthcare": 5734.799999999999,
      "housing": 0,
      "mortgage": 0,
      "taxes": 0,
      "total": 199235.40917029473,
    },
    "income": {
      "pension": 136310.42912662987,
      "rmd": 0,
      "salary": 0,
      "ss": 136310.42912662987,
      "total": 136310.42912662987,
    },
    "legacyValue": 0,
    "netWorth": 0,
    "taxes": {
      "agi": 26531.93237881769,
      "capGainsTax": 0,
      "capitalLossesUsed": 0,
      "effectiveRate": 0,
      "federalIncomeTax": 0,
      "federalOrdinaryTax": 0,
      "fica": {
        "addlMedicare": 0,
        "medicare": 0,
        "ss": 0,
        "total": 0,
      },
      "isItemized": false,
      "itemizedDeduction": 3744.9050715886724,
      "marginalRate": 0.1,
      "niit": 0,
      "stateTax": 0,
      "stdDeduction": 31150,
      "taxableIncome": 0,
      "taxableSS": 26531.93237881769,
      "totalTax": 0,
      "usedAgainstGains": 0,
      "usedAgainstOrdinary": 0,
    },
    "totalBalance": 0,
    "withdrawals": {
      "brokerage": 0,
      "cash": 0,
      "crypto": 0,
      "hsa": 0,
      "roth": 0,
      "rothConversion": 0,
      "total": 0,
      "traditional": 0,
    },
    "year": 2056,
  },
  {
    "age": 82,
    "balances": {
      "brokerage": 0,
      "cash": 0,
      "crypto": 0,
      "hsa": 0,
      "hsaClient": 0,
      "hsaSpouse": 0,
      "mortgageBalance": 0,
      "realEstate": 0,
      "roth": 0,
      "rothClient": 0,
      "rothSpouse": 0,
      "traditional": 0,
      "traditionalClient": 0,
      "traditionalSpouse": 0,
    },
    "cashFlow": {
      "byAccount": {
        "brokerage": 0,
        "cash": 0,
        "crypto": 0,
        "hsaClient": 0,
        "hsaSpouse": 0,
        "rothClient": 0,
        "rothSpouse": 0,
        "traditionalClient": 0,
        "traditionalSpouse": 0,
      },
    },
    "estateReport": {
      "net": {
        "total": 0,
      },
      "taxes": {
        "estate": 0,
      },
    },
    "expenses": {
      "essential": 198338.1243995521,
      "healthcare": 5734.799999999999,
      "housing": 0,
      "mortgage": 0,
      "taxes": 0,
      "total": 204072.92439955208,
    },
    "income": {
      "pension": 139718.18985479558,
      "rmd": 0,
      "salary": 0,
      "ss": 139718.18985479558,
      "total": 139718.18985479558,
    },
    "legacyValue": 0,
    "netWorth": 0,
    "taxes": {
      "agi": 27980.23068828812,
      "capGainsTax": 0,
      "capitalLossesUsed": 0,
      "effectiveRate": 0,
      "federalIncomeTax": 0,
      "federalOrdinaryTax": 0,
      "fica": {
        "addlMedicare": 0,
        "medicare": 0,
        "ss": 0,
        "total": 0,
      },
      "isItemized": false,
      "itemizedDeduction": 3636.2826983783903,
      "marginalRate": 0.1,
      "niit": 0,
      "stateTax": 0,
      "stdDeduction": 31150,
      "taxableIncome": 0,
      "taxableSS": 27980.23068828812,
      "totalTax": 0,
      "usedAgainstGains": 0,
      "usedAgainstOrdinary": 0,
    },
    "totalBalance": 0,
    "withdrawals": {
      "brokerage": 0,
      "cash": 0,
      "crypto": 0,
      "hsa": 0,
      "roth": 0,
      "rothConversion": 0,
      "total": 0,
      "traditional": 0,
    },
    "year": 2057,
  },
  {
    "age": 83,
    "balances": {
      "brokerage": 0,
      "cash": 0,
      "crypto": 0,
      "hsa": 0,
      "hsaClient": 0,
      "hsaSpouse": 0,
      "mortgageBalance": 0,
      "realEstate": 0,
      "roth": 0,
      "rothClient": 0,
      "rothSpouse": 0,
      "traditional": 0,
      "traditionalClient": 0,
      "traditionalSpouse": 0,
    },
    "cashFlow": {
      "byAccount": {
        "brokerage": 0,
        "cash": 0,
        "crypto": 0,
        "hsaClient": 0,
        "hsaSpouse": 0,
        "rothClient": 0,
        "rothSpouse": 0,
        "traditionalClient": 0,
        "traditionalSpouse": 0,
      },
    },
    "estateReport": {
      "net": {
        "total": 0,
      },
      "taxes": {
        "estate": 0,
      },
    },
    "expenses": {
      "essential": 203296.5775095409,
      "healthcare": 5734.799999999999,
      "housing": 0,
      "mortgage": 0,
      "taxes": 0,
      "total": 209031.37750954088,
    },
    "income": {
      "pension": 143211.14460116546,
      "rmd": 0,
      "salary": 0,
      "ss": 143211.14460116546,
      "total": 143211.14460116546,
    },
    "legacyValue": 0,
    "netWorth": 0,
    "taxes": {
      "agi": 29464.73645549532,
      "capGainsTax": 0,
      "capitalLossesUsed": 0,
      "effectiveRate": 0,
      "federalIncomeTax": 0,
      "federalOrdinaryTax": 0,
      "fica": {
        "addlMedicare": 0,
        "medicare": 0,
        "ss": 0,
        "total": 0,
      },
      "isItemized": false,
      "itemizedDeduction": 3524.9447658378504,
      "marginalRate": 0.1,
      "niit": 0,
      "stateTax": 0,
      "stdDeduction": 31150,
      "taxableIncome": 0,
      "taxableSS": 29464.73645549532,
      "totalTax": 0,
      "usedAgainstGains": 0,
      "usedAgainstOrdinary": 0,
    },
    "totalBalance": 0,
    "withdrawals": {
      "brokerage": 0,
      "cash": 0,
      "crypto": 0,
      "hsa": 0,
      "roth": 0,
      "rothConversion": 0,
      "total": 0,
      "traditional": 0,
    },
    "year": 2058,
  },
  {
    "age": 84,
    "balances": {
      "brokerage": 0,
      "cash": 0,
      "crypto": 0,
      "hsa": 0,
      "hsaClient": 0,
      "hsaSpouse": 0,
      "mortgageBalance": 0,
      "realEstate": 0,
      "roth": 0,
      "rothClient": 0,
      "rothSpouse": 0,
      "traditional": 0,
      "traditionalClient": 0,
      "traditionalSpouse": 0,
    },
    "cashFlow": {
      "byAccount": {
        "brokerage": 0,
        "cash": 0,
        "crypto": 0,
        "hsaClient": 0,
        "hsaSpouse": 0,
        "rothClient": 0,
        "rothSpouse": 0,
        "traditionalClient": 0,
        "traditionalSpouse": 0,
      },
    },
    "estateReport": {
      "net": {
        "total": 0,
      },
      "taxes": {
        "estate": 0,
      },
    },
    "expenses": {
      "essential": 208378.99194727937,
      "healthcare": 5734.799999999999,
      "housing": 0,
      "mortgage": 0,
      "taxes": 0,
      "total": 214113.79194727936,
    },
    "income": {
      "pension": 146791.42321619458,
      "rmd": 0,
      "salary": 0,
      "ss": 146791.42321619458,
      "total": 146791.42321619458,
    },
    "legacyValue": 0,
    "netWorth": 0,
    "taxes": {
      "agi": 30986.3548668827,
      "capGainsTax": 0,
      "capitalLossesUsed": 0,
      "effectiveRate": 0,
      "federalIncomeTax": 0,
      "federalOrdinaryTax": 0,
      "fica": {
        "addlMedicare": 0,
        "medicare": 0,
        "ss": 0,
        "total": 0,
      },
      "isItemized": false,
      "itemizedDeduction": 3410.823384983797,
      "marginalRate": 0.1,
      "niit": 0,
      "stateTax": 0,
      "stdDeduction": 31150,
      "taxableIncome": 0,
      "taxableSS": 30986.3548668827,
      "totalTax": 0,
      "usedAgainstGains": 0,
      "usedAgainstOrdinary": 0,
    },
    "totalBalance": 0,
    "withdrawals": {
      "brokerage": 0,
      "cash": 0,
      "crypto": 0,
      "hsa": 0,
      "roth": 0,
      "rothConversion": 0,
      "total": 0,
      "traditional": 0,
    },
    "year": 2059,
  },
  {
    "age": 85,
    "balances": {
      "brokerage": 0,
      "cash": 0,
      "crypto": 0,
      "hsa": 0,
      "hsaClient": 0,
      "hsaSpouse": 0,
      "mortgageBalance": 0,
      "realEstate": 0,
      "roth": 0,
      "rothClient": 0,
      "rothSpouse": 0,
      "traditional": 0,
      "traditionalClient": 0,
      "traditionalSpouse": 0,
    },
    "cashFlow": {
      "byAccount": {
        "brokerage": 0,
        "cash": 0,
        "crypto": 0,
        "hsaClient": 0,
        "hsaSpouse": 0,
        "rothClient": 0,
        "rothSpouse": 0,
        "traditionalClient": 0,
        "traditionalSpouse": 0,
      },
    },
    "estateReport": {
      "net": {
        "total": 0,
      },
      "taxes": {
        "estate": 0,
      },
    },
    "expenses": {
      "essential": 189856.41488529896,
      "healthcare": 5734.799999999999,
      "housing": 0,
      "mortgage": 0,
      "taxes": 139.60137385547642,
      "total": 195591.21488529895,
    },
    "income": {
      "pension": 150461.20879659944,
      "rmd": 0,
      "salary": 0,
      "ss": 150461.20879659944,
      "total": 150461.20879659944,
    },
    "legacyValue": 0,
    "netWorth": 0,
    "taxes": {
      "agi": 32546.013738554764,
      "capGainsTax": 0,
      "capitalLossesUsed": 0,
      "effectiveRate": 0.004289353988998702,
      "federalIncomeTax": 139.60137385547642,
      "federalOrdinaryTax": 139.60137385547642,
      "fica": {
        "addlMedicare": 0,
        "medicare": 0,
        "ss": 0,
        "total": 0,
      },
      "isItemized": false,
      "itemizedDeduction": 3293.848969608392,
      "marginalRate": 0.1,
      "niit": 0,
      "stateTax": 0,
      "stdDeduction": 31150,
      "taxableIncome": 1396.0137385547641,
      "taxableSS": 32546.013738554764,
      "totalTax": 139.60137385547642,
      "usedAgainstGains": 0,
      "usedAgainstOrdinary": 0,
    },
    "totalBalance": 0,
    "withdrawals": {
      "brokerage": 0,
      "cash": 0,
      "crypto": 0,
      "hsa": 0,
      "roth": 0,
      "rothConversion": 0,
      "total": 0,
      "traditional": 0,
    },
    "year": 2060,
  },
  {
    "age": 86,
    "balances": {
      "brokerage": 0,
      "cash": 0,
      "crypto": 0,
      "hsa": 0,
      "hsaClient": 0,
      "hsaSpouse": 0,
      "mortgageBalance": 0,
      "realEstate": 0,
      "roth": 0,
      "rothClient": 0,
      "rothSpouse": 0,
      "traditional": 0,
      "traditionalClient": 0,
      "traditionalSpouse": 0,
    },
    "cashFlow": {
      "byAccount": {
        "brokerage": 0,
        "cash": 0,
        "crypto": 0,
        "hsaClient": 0,
        "hsaSpouse": 0,
        "rothClient": 0,
        "rothSpouse": 0,
        "traditionalClient": 0,
        "traditionalSpouse": 0,
      },
    },
    "estateReport": {
      "net": {
        "total": 0,
      },
      "taxes": {
        "estate": 0,
      },
    },
    "expenses": {
      "essential": 194602.82525743142,
      "healthcare": 5734.799999999999,
      "housing": 0,
      "mortgage": 0,
      "taxes": 299.4664082018615,
      "total": 200337.6252574314,
    },
    "income": {
      "pension": 154222.7390165144,
      "rmd": 0,
      "salary": 0,
      "ss": 154222.7390165144,
      "total": 154222.7390165144,
    },
    "legacyValue": 0,
    "netWorth": 0,
    "taxes": {
      "agi": 34144.664082018615,
      "capGainsTax": 0,
      "capitalLossesUsed": 0,
      "effectiveRate": 0.008770518505688494,
      "federalIncomeTax": 299.4664082018615,
      "federalOrdinaryTax": 299.4664082018615,
      "fica": {
        "addlMedicare": 0,
        "medicare": 0,
        "ss": 0,
        "total": 0,
      },
      "isItemized": false,
      "itemizedDeduction": 3173.9501938486032,
      "marginalRate": 0.1,
      "niit": 0,
      "stateTax": 0,
      "stdDeduction": 31150,
      "taxableIncome": 2994.664082018615,
      "taxableSS": 34144.664082018615,
      "totalTax": 299.4664082018615,
      "usedAgainstGains": 0,
      "usedAgainstOrdinary": 0,
    },
    "totalBalance": 0,
    "withdrawals": {
      "brokerage": 0,
      "cash": 0,
      "crypto": 0,
      "hsa": 0,
      "roth": 0,
      "rothConversion": 0,
      "total": 0,
      "traditional": 0,
    },
    "year": 2061,
  },
  {
    "age": 87,
    "balances": {
      "brokerage": 0,
      "cash": 0,
      "crypto": 0,
      "hsa": 0,
      "hsaClient": 0,
      "hsaSpouse": 0,
      "mortgageBalance": 0,
      "realEstate": 0,
      "roth": 0,
      "rothClient": 0,
      "rothSpouse": 0,
      "traditional": 0,
      "traditionalClient": 0,
      "traditionalSpouse": 0,
    },
    "cashFlow": {
      "byAccount": {
        "brokerage": 0,
        "cash": 0,
        "crypto": 0,
        "hsaClient": 0,
        "hsaSpouse": 0,
        "rothClient": 0,
        "rothSpouse": 0,
        "traditionalClient": 0,
        "traditionalSpouse": 0,
      },
    },
    "estateReport": {
      "net": {
        "total": 0,
      },
      "taxes": {
        "estate": 0,
      },
    },
    "expenses": {
      "essential": 199467.8958888672,
      "healthcare": 5734.799999999999,
      "housing": 0,
      "mortgage": 0,
      "taxes": 463.32806840690904,
      "total": 205202.6958888672,
    },
    "income": {
      "pension": 158078.30749192726,
      "rmd": 0,
      "salary": 0,
      "ss": 158078.30749192726,
      "total": 158078.30749192726,
    },
    "legacyValue": 0,
    "netWorth": 0,
    "taxes": {
      "agi": 35783.28068406909,
      "capGainsTax": 0,
      "capitalLossesUsed": 0,
      "effectiveRate": 0.012948171871037672,
      "federalIncomeTax": 463.32806840690904,
      "federalOrdinaryTax": 463.32806840690904,
      "fica": {
        "addlMedicare": 0,
        "medicare": 0,
        "ss": 0,
        "total": 0,
      },
      "isItemized": false,
      "itemizedDeduction": 3051.053948694818,
      "marginalRate": 0.1,
      "niit": 0,
      "stateTax": 0,
      "stdDeduction": 31150,
      "taxableIncome": 4633.28068406909,
      "taxableSS": 35783.28068406909,
      "totalTax": 463.32806840690904,
      "usedAgainstGains": 0,
      "usedAgainstOrdinary": 0,
    },
    "totalBalance": 0,
    "withdrawals": {
      "brokerage": 0,
      "cash": 0,
      "crypto": 0,
      "hsa": 0,
      "roth": 0,
      "rothConversion": 0,
      "total": 0,
      "traditional": 0,
    },
    "year": 2062,
  },
  {
    "age": 88,
    "balances": {
      "brokerage": 0,
      "cash": 0,
      "crypto": 0,
      "hsa": 0,
      "hsaClient": 0,
      "hsaSpouse": 0,
      "mortgageBalance": 0,
      "realEstate": 0,
      "roth": 0,
      "rothClient": 0,
      "rothSpouse": 0,
      "traditional": 0,
      "traditionalClient": 0,
      "traditionalSpouse": 0,
    },
    "cashFlow": {
      "byAccount": {
        "brokerage": 0,
        "cash": 0,
        "crypto": 0,
        "hsaClient": 0,
        "hsaSpouse": 0,
        "rothClient": 0,
        "rothSpouse": 0,
        "traditionalClient": 0,
        "traditionalSpouse": 0,
      },
    },
    "estateReport": {
      "net": {
        "total": 0,
      },
      "taxes": {
        "estate": 0,
      },
    },
    "expenses": {
      "essential": 204454.59328608887,
      "healthcare": 5734.799999999999,
      "housing": 0,
      "mortgage": 0,
      "taxes": 631.2862701170802,
      "total": 210189.39328608886,
    },
    "income": {
      "pension": 162030.26517922542,
      "rmd": 0,
      "salary": 0,
      "ss": 162030.26517922542,
      "total": 162030.26517922542,
    },
    "legacyValue": 0,
    "netWorth": 0,
    "taxes": {
      "agi": 37462.8627011708,
      "capGainsTax": 0,
      "capitalLossesUsed": 0,
      "effectiveRate": 0.016850988541709896,
      "federalIncomeTax": 631.2862701170802,
      "federalOrdinaryTax": 631.2862701170802,
      "fica": {
        "addlMedicare": 0,
        "medicare": 0,
        "ss": 0,
        "total": 0,
      },
      "isItemized": false,
      "itemizedDeduction": 2925.0852974121894,
      "marginalRate": 0.1,
      "niit": 0,
      "stateTax": 0,
      "stdDeduction": 31150,
      "taxableIncome": 6312.862701170801,
      "taxableSS": 37462.8627011708,
      "totalTax": 631.2862701170802,
      "usedAgainstGains": 0,
      "usedAgainstOrdinary": 0,
    },
    "totalBalance": 0,
    "withdrawals": {
      "brokerage": 0,
      "cash": 0,
      "crypto": 0,
      "hsa": 0,
      "roth": 0,
      "rothConversion": 0,
      "total": 0,
      "traditional": 0,
    },
    "year": 2063,
  },
  {
    "age": 89,
    "balances": {
      "brokerage": 0,
      "cash": 0,
      "crypto": 0,
      "hsa": 0,
      "hsaClient": 0,
      "hsaSpouse": 0,
      "mortgageBalance": 0,
      "realEstate": 0,
      "roth": 0,
      "rothClient": 0,
      "rothSpouse": 0,
      "traditional": 0,
      "traditionalClient": 0,
      "traditionalSpouse": 0,
    },
    "cashFlow": {
      "byAccount": {
        "brokerage": 0,
        "cash": 0,
        "crypto": 0,
        "hsaClient": 0,
        "hsaSpouse": 0,
        "rothClient": 0,
        "rothSpouse": 0,
        "traditionalClient": 0,
        "traditionalSpouse": 0,
      },
    },
    "estateReport": {
      "net": {
        "total": 0,
      },
      "taxes": {
        "estate": 0,
      },
    },
    "expenses": {
      "essential": 209565.95811824105,
      "healthcare": 5734.799999999999,
      "housing": 0,
      "mortgage": 0,
      "taxes": 803.4434268700069,
      "total": 215300.75811824104,
    },
    "income": {
      "pension": 166081.02180870605,
      "rmd": 0,
      "salary": 0,
      "ss": 166081.02180870605,
      "total": 166081.02180870605,
    },
    "legacyValue": 0,
    "netWorth": 0,
    "taxes": {
      "agi": 39184.43426870007,
      "capGainsTax": 0,
      "capitalLossesUsed": 0,
      "effectiveRate": 0.02050414767661416,
      "federalIncomeTax": 803.4434268700069,
      "federalOrdinaryTax": 803.4434268700069,
      "fica": {
        "addlMedicare": 0,
        "medicare": 0,
        "ss": 0,
        "total": 0,
      },
      "isItemized": false,
      "itemizedDeduction": 2795.9674298474943,
      "marginalRate": 0.1,
      "niit": 0,
      "stateTax": 0,
      "stdDeduction": 31150,
      "taxableIncome": 8034.434268700068,
      "taxableSS": 39184.43426870007,
      "totalTax": 803.4434268700069,
      "usedAgainstGains": 0,
      "usedAgainstOrdinary": 0,
    },
    "totalBalance": 0,
    "withdrawals": {
      "brokerage": 0,
      "cash": 0,
      "crypto": 0,
      "hsa": 0,
      "roth": 0,
      "rothConversion": 0,
      "total": 0,
      "traditional": 0,
    },
    "year": 2064,
  },
  {
    "age": 90,
    "balances": {
      "brokerage": 0,
      "cash": 0,
      "crypto": 0,
      "hsa": 0,
      "hsaClient": 0,
      "hsaSpouse": 0,
      "mortgageBalance": 0,
      "realEstate": 0,
      "roth": 0,
      "rothClient": 0,
      "rothSpouse": 0,
      "traditional": 0,
      "traditionalClient": 0,
      "traditionalSpouse": 0,
    },
    "cashFlow": {
      "byAccount": {
        "brokerage": 0,
        "cash": 0,
        "crypto": 0,
        "hsaClient": 0,
        "hsaSpouse": 0,
        "rothClient": 0,
        "rothSpouse": 0,
        "traditionalClient": 0,
        "traditionalSpouse": 0,
      },
    },
    "estateReport": {
      "net": {
        "total": 0,
      },
      "taxes": {
        "estate": 0,
      },
    },
    "expenses": {
      "essential": 214805.10707119707,
      "healthcare": 5734.799999999999,
      "housing": 0,
      "mortgage": 0,
      "taxes": 979.9045125417557,
      "total": 220539.90707119706,
    },
    "income": {
      "pension": 170233.04735392367,
      "rmd": 0,
      "salary": 0,
      "ss": 170233.04735392367,
      "total": 170233.04735392367,
    },
    "legacyValue": 0,
    "netWorth": 0,
    "taxes": {
      "agi": 40949.04512541756,
      "capGainsTax": 0,
      "capitalLossesUsed": 0,
      "effectiveRate": 0.023929850123257632,
      "federalIncomeTax": 979.9045125417557,
      "federalOrdinaryTax": 979.9045125417557,
      "fica": {
        "addlMedicare": 0,
        "medicare": 0,
        "ss": 0,
        "total": 0,
      },
      "isItemized": false,
      "itemizedDeduction": 2663.6216155936827,
      "marginalRate": 0.1,
      "niit": 0,
      "stateTax": 0,
      "stdDeduction": 31150,
      "taxableIncome": 9799.045125417557,
      "taxableSS": 40949.04512541756,
      "totalTax": 979.9045125417557,
      "usedAgainstGains": 0,
      "usedAgainstOrdinary": 0,
    },
    "totalBalance": 0,
    "withdrawals": {
      "brokerage": 0,
      "cash": 0,
      "crypto": 0,
      "hsa": 0,
      "roth": 0,
      "rothConversion": 0,
      "total": 0,
      "traditional": 0,
    },
    "year": 2065,
  },
  {
    "age": 91,
    "balances": {
      "brokerage": 0,
      "cash": 0,
      "crypto": 0,
      "hsa": 0,
      "hsaClient": 0,
      "hsaSpouse": 0,
      "mortgageBalance": 0,
      "realEstate": 0,
      "roth": 0,
      "rothClient": 0,
      "rothSpouse": 0,
      "traditional": 0,
      "traditionalClient": 0,
      "traditionalSpouse": 0,
    },
    "cashFlow": {
      "byAccount": {
        "brokerage": 0,
        "cash": 0,
        "crypto": 0,
        "hsaClient": 0,
        "hsaSpouse": 0,
        "rothClient": 0,
        "rothSpouse": 0,
        "traditionalClient": 0,
        "traditionalSpouse": 0,
      },
    },
    "estateReport": {
      "net": {
        "total": 0,
      },
      "taxes": {
        "estate": 0,
      },
    },
    "expenses": {
      "essential": 220175.234747977,
      "healthcare": 2867.3999999999996,
      "housing": 0,
      "mortgage": 0,
      "taxes": 981.4152561580446,
      "total": 223042.634747977,
    },
    "income": {
      "pension": 119445.06485077752,
      "rmd": 0,
      "salary": 0,
      "ss": 119445.06485077752,
      "total": 119445.06485077752,
    },
    "legacyValue": 0,
    "netWorth": 0,
    "taxes": {
      "agi": 26364.152561580446,
      "capGainsTax": 0,
      "capitalLossesUsed": 0,
      "effectiveRate": 0.03722536705345222,
      "federalIncomeTax": 981.4152561580446,
      "federalOrdinaryTax": 981.4152561580446,
      "fica": {
        "addlMedicare": 0,
        "medicare": 0,
        "ss": 0,
        "total": 0,
      },
      "isItemized": false,
      "itemizedDeduction": 890.0885578814664,
      "marginalRate": 0.1,
      "niit": 0,
      "stateTax": 0,
      "stdDeduction": 16550,
      "taxableIncome": 9814.152561580446,
      "taxableSS": 26364.152561580446,
      "totalTax": 981.4152561580446,
      "usedAgainstGains": 0,
      "usedAgainstOrdinary": 0,
    },
    "totalBalance": 0,
    "withdrawals": {
      "brokerage": 0,
      "cash": 0,
      "crypto": 0,
      "hsa": 0,
      "roth": 0,
      "rothConversion": 0,
      "total": 0,
      "traditional": 0,
    },
    "year": 2066,
  },
  {
    "age": 92,
    "balances": {
      "brokerage": 0,
      "cash": 0,
      "crypto": 0,
      "hsa": 0,
      "hsaClient": 0,
      "hsaSpouse": 0,
      "mortgageBalance": 0,
      "realEstate": 0,
      "roth": 0,
      "rothClient": 0,
      "rothSpouse": 0,
      "traditional": 0,
      "traditionalClient": 0,
      "traditionalSpouse": 0,
    },
    "cashFlow": {
      "byAccount": {
        "brokerage": 0,
        "cash": 0,
        "crypto": 0,
        "hsaClient": 0,
        "hsaSpouse": 0,
        "rothClient": 0,
        "rothSpouse": 0,
        "traditionalClient": 0,
        "traditionalSpouse": 0,
      },
    },
    "estateReport": {
      "net": {
        "total": 0,
      },
      "taxes": {
        "estate": 0,
      },
    },
    "expenses": {
      "essential": 225679.61561667637,
      "healthcare": 2867.3999999999996,
      "housing": 0,
      "mortgage": 0,
      "taxes": 1108.3256375619949,
      "total": 228547.01561667636,
    },
    "income": {
      "pension": 122431.19147204694,
      "rmd": 0,
      "salary": 0,
      "ss": 122431.19147204694,
      "total": 122431.19147204694,
    },
    "legacyValue": 0,
    "netWorth": 0,
    "taxes": {
      "agi": 27633.25637561995,
      "capGainsTax": 0,
      "capitalLossesUsed": 0,
      "effectiveRate": 0.04010839773990009,
      "federalIncomeTax": 1108.3256375619949,
      "federalOrdinaryTax": 1108.3256375619949,
      "fica": {
        "addlMedicare": 0,
        "medicare": 0,
        "ss": 0,
        "total": 0,
      },
      "isItemized": false,
      "itemizedDeduction": 794.9057718285035,
      "marginalRate": 0.1,
      "niit": 0,
      "stateTax": 0,
      "stdDeduction": 16550,
      "taxableIncome": 11083.256375619949,
      "taxableSS": 27633.25637561995,
      "totalTax": 1108.3256375619949,
      "usedAgainstGains": 0,
      "usedAgainstOrdinary": 0,
    },
    "totalBalance": 0,
    "withdrawals": {
      "brokerage": 0,
      "cash": 0,
      "crypto": 0,
      "hsa": 0,
      "roth": 0,
      "rothConversion": 0,
      "total": 0,
      "traditional": 0,
    },
    "year": 2067,
  },
]
`;
